Component: ARM Compiler 5.06 update 4 (build 422) Tool: armlink [4d35d2]

==============================================================================

Section Cross References

    magwrist_readdata.o(i.HMC5983_Config) refers to magwrist_readdata.o(i.I2C_WriteByte) for I2C_WriteByte
    magwrist_readdata.o(i.HMC5983_Config) refers to magwrist_readdata.o(i.Delay) for Delay
    magwrist_readdata.o(i.HMC5983_Read) refers to magwrist_readdata.o(i.I2C_WriteByte) for I2C_WriteByte
    magwrist_readdata.o(i.HMC5983_Read) refers to magwrist_readdata.o(i.Delay) for Delay
    magwrist_readdata.o(i.HMC5983_Read) refers to magwrist_readdata.o(i.I2C_ReadByte) for I2C_ReadByte
    magwrist_readdata.o(i.HMC5983_Read) refers to magwrist_readdata.o(i.dataConv) for dataConv
    magwrist_readdata.o(i.HMC5983_Read) refers to magwrist_readdata.o(.bss) for buf
    magwrist_readdata.o(i.HMC5983_Read) refers to magwrist_readdata.o(.data) for M_X
    magwrist_readdata.o(i.I2C0_ReadByte) refers to i2c.o(i.I2CMasterBusy) for I2CMasterBusy
    magwrist_readdata.o(i.I2C0_ReadByte) refers to i2c.o(i.I2CMasterSlaveAddrSet) for I2CMasterSlaveAddrSet
    magwrist_readdata.o(i.I2C0_ReadByte) refers to i2c.o(i.I2CMasterDataPut) for I2CMasterDataPut
    magwrist_readdata.o(i.I2C0_ReadByte) refers to i2c.o(i.I2CMasterControl) for I2CMasterControl
    magwrist_readdata.o(i.I2C0_ReadByte) refers to i2c.o(i.I2CMasterBusBusy) for I2CMasterBusBusy
    magwrist_readdata.o(i.I2C0_ReadByte) refers to i2c.o(i.I2CMasterErr) for I2CMasterErr
    magwrist_readdata.o(i.I2C0_ReadByte) refers to magwrist_readdata.o(i.Delay) for Delay
    magwrist_readdata.o(i.I2C0_ReadByte) refers to i2c.o(i.I2CMasterDataGet) for I2CMasterDataGet
    magwrist_readdata.o(i.I2C0_WriteByte) refers to i2c.o(i.I2CMasterBusy) for I2CMasterBusy
    magwrist_readdata.o(i.I2C0_WriteByte) refers to i2c.o(i.I2CMasterSlaveAddrSet) for I2CMasterSlaveAddrSet
    magwrist_readdata.o(i.I2C0_WriteByte) refers to i2c.o(i.I2CMasterDataPut) for I2CMasterDataPut
    magwrist_readdata.o(i.I2C0_WriteByte) refers to i2c.o(i.I2CMasterControl) for I2CMasterControl
    magwrist_readdata.o(i.I2C0_WriteByte) refers to i2c.o(i.I2CMasterErr) for I2CMasterErr
    magwrist_readdata.o(i.I2C_ReadByte) refers to i2c.o(i.I2CMasterBusy) for I2CMasterBusy
    magwrist_readdata.o(i.I2C_ReadByte) refers to i2c.o(i.I2CMasterSlaveAddrSet) for I2CMasterSlaveAddrSet
    magwrist_readdata.o(i.I2C_ReadByte) refers to i2c.o(i.I2CMasterDataPut) for I2CMasterDataPut
    magwrist_readdata.o(i.I2C_ReadByte) refers to i2c.o(i.I2CMasterControl) for I2CMasterControl
    magwrist_readdata.o(i.I2C_ReadByte) refers to i2c.o(i.I2CMasterBusBusy) for I2CMasterBusBusy
    magwrist_readdata.o(i.I2C_ReadByte) refers to magwrist_readdata.o(i.Delay) for Delay
    magwrist_readdata.o(i.I2C_ReadByte) refers to i2c.o(i.I2CMasterErr) for I2CMasterErr
    magwrist_readdata.o(i.I2C_ReadByte) refers to i2c.o(i.I2CMasterDataGet) for I2CMasterDataGet
    magwrist_readdata.o(i.I2C_ReadWriteByte) refers to i2c.o(i.I2CMasterBusy) for I2CMasterBusy
    magwrist_readdata.o(i.I2C_ReadWriteByte) refers to i2c.o(i.I2CMasterSlaveAddrSet) for I2CMasterSlaveAddrSet
    magwrist_readdata.o(i.I2C_ReadWriteByte) refers to i2c.o(i.I2CMasterDataPut) for I2CMasterDataPut
    magwrist_readdata.o(i.I2C_ReadWriteByte) refers to i2c.o(i.I2CMasterControl) for I2CMasterControl
    magwrist_readdata.o(i.I2C_ReadWriteByte) refers to i2c.o(i.I2CMasterBusBusy) for I2CMasterBusBusy
    magwrist_readdata.o(i.I2C_ReadWriteByte) refers to i2c.o(i.I2CMasterErr) for I2CMasterErr
    magwrist_readdata.o(i.I2C_ReadWriteByte) refers to magwrist_readdata.o(i.Delay) for Delay
    magwrist_readdata.o(i.I2C_ReadWriteByte) refers to i2c.o(i.I2CMasterDataGet) for I2CMasterDataGet
    magwrist_readdata.o(i.I2C_WriteByte) refers to i2c.o(i.I2CMasterBusy) for I2CMasterBusy
    magwrist_readdata.o(i.I2C_WriteByte) refers to i2c.o(i.I2CMasterSlaveAddrSet) for I2CMasterSlaveAddrSet
    magwrist_readdata.o(i.I2C_WriteByte) refers to i2c.o(i.I2CMasterDataPut) for I2CMasterDataPut
    magwrist_readdata.o(i.I2C_WriteByte) refers to i2c.o(i.I2CMasterControl) for I2CMasterControl
    magwrist_readdata.o(i.I2C_WriteByte) refers to magwrist_readdata.o(i.Delay) for Delay
    magwrist_readdata.o(i.I2C_WriteByte) refers to i2c.o(i.I2CMasterErr) for I2CMasterErr
    magwrist_readdata.o(i.MPU9250_Config) refers to magwrist_readdata.o(i.I2C_WriteByte) for I2C_WriteByte
    magwrist_readdata.o(i.MPU9250_Read) refers to magwrist_readdata.o(i.Read_Accel) for Read_Accel
    magwrist_readdata.o(i.MPU9250_Read) refers to magwrist_readdata.o(i.Read_Gyro) for Read_Gyro
    magwrist_readdata.o(i.MPU9250_Read) refers to magwrist_readdata.o(i.dataConv) for dataConv
    magwrist_readdata.o(i.MPU9250_Read) refers to magwrist_readdata.o(.data) for A_X
    magwrist_readdata.o(i.MPU9250_Read) refers to magwrist_readdata.o(.bss) for agm
[...]
    interrupt.o(i.IntPriorityGroupingSet) refers to interrupt.o(.constdata) for .constdata
    interrupt.o(i.IntPriorityMaskGet) refers to cpu.o(.emb_text) for CPUbasepriGet
    interrupt.o(i.IntPriorityMaskSet) refers to cpu.o(.emb_text) for CPUbasepriSet
    interrupt.o(i.IntPrioritySet) refers to interrupt.o(.constdata) for .constdata
    interrupt.o(i.IntRegister) refers to interrupt.o(vtable) for vtable
    interrupt.o(i.IntUnregister) refers to interrupt.o(i._IntDefaultHandler) for _IntDefaultHandler
    interrupt.o(i.IntUnregister) refers to interrupt.o(vtable) for vtable
    __main.o(!!!main) refers to __rtentry.o(.ARM.Collect$$rtentry$$00000000) for __rt_entry
    ddiv.o(x$fpl$drdiv) refers (Special) to usenofp.o(x$fpl$usenofp) for __I$use$fp
    ddiv.o(x$fpl$drdiv) refers to ddiv.o(x$fpl$ddiv) for ddiv_entry
    ddiv.o(x$fpl$ddiv) refers (Special) to usenofp.o(x$fpl$usenofp) for __I$use$fp
    ddiv.o(x$fpl$ddiv) refers to dretinf.o(x$fpl$dretinf) for __fpl_dretinf
    ddiv.o(x$fpl$ddiv) refers to dnaninf.o(x$fpl$dnaninf) for __fpl_dnaninf
    dfix.o(x$fpl$dfix) refers (Special) to usenofp.o(x$fpl$usenofp) for __I$use$fp
    dfix.o(x$fpl$dfix) refers to dnaninf.o(x$fpl$dnaninf) for __fpl_dnaninf
    dfix.o(x$fpl$dfixr) refers (Special) to usenofp.o(x$fpl$usenofp) for __I$use$fp
    dfix.o(x$fpl$dfixr) refers to dnaninf.o(x$fpl$dnaninf) for __fpl_dnaninf
    dflt_clz.o(x$fpl$dfltu) refers (Special) to usenofp.o(x$fpl$usenofp) for __I$use$fp
    dflt_clz.o(x$fpl$dflt) refers (Special) to usenofp.o(x$fpl$usenofp) for __I$use$fp
    dflt_clz.o(x$fpl$dfltn) refers (Special) to usenofp.o(x$fpl$usenofp) for __I$use$fp
    __rtentry.o(.ARM.Collect$$rtentry$$00000000) refers (Special) to __rtentry2.o(.ARM.Collect$$rtentry$$0000000A) for __rt_entry_li
    __rtentry.o(.ARM.Collect$$rtentry$$00000000) refers (Special) to __rtentry2.o(.ARM.Collect$$rtentry$$0000000D) for __rt_entry_main
    __rtentry.o(.ARM.Collect$$rtentry$$00000000) refers (Special) to __rtentry2.o(.ARM.Collect$$rtentry$$0000000C) for __rt_entry_postli_1
    __rtentry.o(.ARM.Collect$$rtentry$$00000000) refers (Special) to __rtentry2.o(.ARM.Collect$$rtentry$$00000009) for __rt_entry_postsh_1
    __rtentry.o(.ARM.Collect$$rtentry$$00000000) refers (Special) to __rtentry2.o(.ARM.Collect$$rtentry$$00000002) for __rt_entry_presh_1
    __rtentry.o(.ARM.Collect$$rtentry$$00000000) refers (Special) to __rtentry4.o(.ARM.Collect$$rtentry$$00000004) for __rt_entry_sh
    dnaninf.o(x$fpl$dnaninf) refers (Special) to usenofp.o(x$fpl$usenofp) for __I$use$fp
    dretinf.o(x$fpl$dretinf) refers (Special) to usenofp.o(x$fpl$usenofp) for __I$use$fp
    __rtentry2.o(.ARM.Collect$$rtentry$$00000008) refers to boardinit2.o(.text) for _platform_post_stackheap_init
    __rtentry2.o(.ARM.Collect$$rtentry$$0000000A) refers to libinit.o(.ARM.Collect$$libinit$$00000000) for __rt_lib_init
    __rtentry2.o(.ARM.Collect$$rtentry$$0000000B) refers to boardinit3.o(.text) for _platform_post_lib_init
    __rtentry2.o(.ARM.Collect$$rtentry$$0000000D) refers to magwrist_readdata.o(i.main) for main
    __rtentry2.o(.ARM.Collect$$rtentry$$0000000D) refers to exit.o(.text) for exit
    __rtentry2.o(.ARM.exidx) refers to __rtentry2.o(.ARM.Collect$$rtentry$$00000001) for .ARM.Collect$$rtentry$$00000001
    __rtentry2.o(.ARM.exidx) refers to __rtentry2.o(.ARM.Collect$$rtentry$$00000008) for .ARM.Collect$$rtentry$$00000008
    __rtentry2.o(.ARM.exidx) refers to __rtentry2.o(.ARM.Collect$$rtentry$$0000000A) for .ARM.Collect$$rtentry$$0000000A
    __rtentry2.o(.ARM.exidx) refers to __rtentry2.o(.ARM.Collect$$rtentry$$0000000B) for .ARM.Collect$$rtentry$$0000000B
    __rtentry2.o(.ARM.exidx) refers to __rtentry2.o(.ARM.Collect$$rtentry$$0000000D) for .ARM.Collect$$rtentry$$0000000D
    __rtentry4.o(.ARM.Collect$$rtentry$$00000004) refers to sys_stackheap_outer.o(.text) for __user_setup_stackheap
    __rtentry4.o(.ARM.exidx) refers to __rtentry4.o(.ARM.Collect$$rtentry$$00000004) for .ARM.Collect$$rtentry$$00000004
    sys_stackheap_outer.o(.text) refers to libspace.o(.text) for __user_perproc_libspace
    sys_stackheap_outer.o(.text) refers to startup_tm4c129.o(.text) for __user_initial_stackheap
    exit.o(.text) refers to rtexit.o(.ARM.Collect$$rtexit$$00000000) for __rt_exit
    libinit.o(.ARM.Collect$$libinit$$00000000) refers (Special) to libinit2.o(.ARM.Collect$$libinit$$0000002E) for __rt_lib_init_alloca_1
    libinit.o(.ARM.Collect$$libinit$$00000000) refers (Special) to libinit2.o(.ARM.Collect$$libinit$$0000002C) for __rt_lib_init_argv_1
    libinit.o(.ARM.Collect$$libinit$$00000000) refers (Special) to libinit2.o(.ARM.Collect$$libinit$$0000001B) for __rt_lib_init_atexit_1
    libinit.o(.ARM.Collect$$libinit$$00000000) refers (Special) to libinit2.o(.ARM.Collect$$libinit$$00000021) for __rt_lib_init_clock_1
    libinit.o(.ARM.Collect$$libinit$$00000000) refers (Special) to libinit2.o(.ARM.Collect$$libinit$$00000032) for __rt_lib_init_cpp_1
    libinit.o(.ARM.Collect$$libinit$$00000000) refers (Special) to libinit2.o(.ARM.Collect$$libinit$$00000030) for __rt_lib_init_exceptions_1
    libinit.o(.ARM.Collect$$libinit$$00000000) refers (Special) to libinit2.o(.ARM.Collect$$libinit$$00000001) for __rt_lib_init_fp_1
    libinit.o(.ARM.Collect$$libinit$$00000000) refers (Special) to libinit2.o(.ARM.Collect$$libinit$$0000001F) for __rt_lib_init_fp_trap_1
    libinit.o(.ARM.Collect$$libinit$$00000000) refers (Special) to libinit2.o(.ARM.Collect$$libinit$$00000023) for __rt_lib_init_getenv_1
    libinit.o(.ARM.Collect$$libinit$$00000000) refers (Special) to libinit2.o(.ARM.Collect$$libinit$$0000000A) for __rt_lib_init_heap_1
    libinit.o(.ARM.Collect$$libinit$$00000000) refers (Special) to libinit2.o(.ARM.Collect$$libinit$$00000011) for __rt_lib_init_lc_collate_1
    libinit.o(.ARM.Collect$$libinit$$00000000) refers (Special) to libinit2.o(.ARM.Collect$$libinit$$00000013) for __rt_lib_init_lc_ctype_1
    libinit.o(.ARM.Collect$$libinit$$00000000) refers (Special) to libinit2.o(.ARM.Collect$$libinit$$00000015) for __rt_lib_init_lc_monetary_1
    libinit.o(.ARM.Collect$$libinit$$00000000) refers (Special) to libinit2.o(.ARM.Collect$$libinit$$00000017) for __rt_lib_init_lc_numeric_1
    libinit.o(.ARM.Collect$$libinit$$00000000) refers (Special) to libinit2.o(.ARM.Collect$$libinit$$00000019) for __rt_lib_init_lc_time_1
    libinit.o(.ARM.Collect$$libinit$$00000000) refers (Special) to libinit2.o(.ARM.Collect$$libinit$$00000004) for __rt_lib_init_preinit_1
    libinit.o(.ARM.Collect$$libinit$$00000000) refers (Special) to libinit2.o(.ARM.Collect$$libinit$$0000000E) for __rt_lib_init_rand_1
    libinit.o(.ARM.Collect$$libinit$$00000000) refers (Special) to libinit2.o(.ARM.Collect$$libinit$$00000033) for __rt_lib_init_return
    libinit.o(.ARM.Collect$$libinit$$00000000) refers (Special) to libinit2.o(.ARM.Collect$$libinit$$0000001D) for __rt_lib_init_signal_1
    libinit.o(.ARM.Collect$$libinit$$00000000) refers (Special) to libinit2.o(.ARM.Collect$$libinit$$00000025) for __rt_lib_init_stdio_1
    libinit.o(.ARM.Collect$$libinit$$00000000) refers (Special) to libinit2.o(.ARM.Collect$$libinit$$0000000C) for __rt_lib_init_user_alloc_1
    libspace.o(.text) refers to libspace.o(.bss) for __libspace_start
    rtexit.o(.ARM.Collect$$rtexit$$00000000) refers (Special) to rtexit2.o(.ARM.Collect$$rtexit$$00000004) for __rt_exit_exit
    rtexit.o(.ARM.Collect$$rtexit$$00000000) refers (Special) to rtexit2.o(.ARM.Collect$$rtexit$$00000003) for __rt_exit_ls
    rtexit.o(.ARM.Collect$$rtexit$$00000000) refers (Special) to rtexit2.o(.ARM.Collect$$rtexit$$00000002) for __rt_exit_prels_1
    rtexit.o(.ARM.exidx) refers (Special) to rtexit2.o(.ARM.Collect$$rtexit$$00000004) for __rt_exit_exit
    rtexit.o(.ARM.exidx) refers (Special) to rtexit2.o(.ARM.Collect$$rtexit$$00000003) for __rt_exit_ls
    rtexit.o(.ARM.exidx) refers (Special) to rtexit2.o(.ARM.Collect$$rtexit$$00000002) for __rt_exit_prels_1
    rtexit.o(.ARM.exidx) refers to rtexit.o(.ARM.Collect$$rtexit$$00000000) for .ARM.Collect$$rtexit$$00000000
    libinit2.o(.ARM.Collect$$libinit$$00000001) refers to fpinit.o(x$fpl$fpinit) for _fp_init
    libinit2.o(.ARM.Collect$$libinit$$00000010) refers to libinit2.o(.ARM.Collect$$libinit$$0000000F) for .ARM.Collect$$libinit$$0000000F
    libinit2.o(.ARM.Collect$$libinit$$00000012) refers to libinit2.o(.ARM.Collect$$libinit$$0000000F) for .ARM.Collect$$libinit$$0000000F
    libinit2.o(.ARM.Collect$$libinit$$00000014) refers to libinit2.o(.ARM.Collect$$libinit$$0000000F) for .ARM.Collect$$libinit$$0000000F
    libinit2.o(.ARM.Collect$$libinit$$00000016) refers to libinit2.o(.ARM.Collect$$libinit$$0000000F) for .ARM.Collect$$libinit$$0000000F
    libinit2.o(.ARM.Collect$$libinit$$00000018) refers to libinit2.o(.ARM.Collect$$libinit$$0000000F) for .ARM.Collect$$libinit$$0000000F
    libinit2.o(.ARM.Collect$$libinit$$00000026) refers to argv_veneer.o(.emb_text) for __ARM_argv_veneer
    libinit2.o(.ARM.Collect$$libinit$$00000027) refers to argv_veneer.o(.emb_text) for __ARM_argv_veneer
    rtexit2.o(.ARM.Collect$$rtexit$$00000003) refers to libshutdown.o(.ARM.Collect$$libshutdown$$00000000) for __rt_lib_shutdown
    rtexit2.o(.ARM.Collect$$rtexit$$00000004) refers to sys_exit.o(.text) for _sys_exit
    rtexit2.o(.ARM.exidx) refers to rtexit2.o(.ARM.Collect$$rtexit$$00000001) for .ARM.Collect$$rtexit$$00000001
    rtexit2.o(.ARM.exidx) refers to rtexit2.o(.ARM.Collect$$rtexit$$00000003) for .ARM.Collect$$rtexit$$00000003
    rtexit2.o(.ARM.exidx) refers to rtexit2.o(.ARM.Collect$$rtexit$$00000004) for .ARM.Collect$$rtexit$$00000004
    argv_veneer.o(.emb_text) refers to no_argv.o(.text) for __ARM_get_argv
    sys_exit.o(.text) refers (Special) to use_no_semi.o(.text) for __I$use$semihosting
    sys_exit.o(.text) refers (Special) to indicate_semi.o(.text) for __semihosting_library_function
    _get_argv_nomalloc.o(.text) refers (Special) to hrguard.o(.text) for __heap_region$guard
    _get_argv_nomalloc.o(.text) refers to defsig_rtmem_outer.o(.text) for __rt_SIGRTMEM
    _get_argv_nomalloc.o(.text) refers to sys_command.o(.text) for _sys_command_string
    libshutdown.o(.ARM.Collect$$libshutdown$$00000000) refers (Special) to libshutdown2.o(.ARM.Collect$$libshutdown$$00000002) for __rt_lib_shutdown_cpp_1
    libshutdown.o(.ARM.Collect$$libshutdown$$00000000) refers (Special) to libshutdown2.o(.ARM.Collect$$libshutdown$$00000007) for __rt_lib_shutdown_fp_trap_1
    libshutdown.o(.ARM.Collect$$libshutdown$$00000000) refers (Special) to libshutdown2.o(.ARM.Collect$$libshutdown$$0000000F) for __rt_lib_shutdown_heap_1
    libshutdown.o(.ARM.Collect$$libshutdown$$00000000) refers (Special) to libshutdown2.o(.ARM.Collect$$libshutdown$$00000010) for __rt_lib_shutdown_return
    libshutdown.o(.ARM.Collect$$libshutdown$$00000000) refers (Special) to libshutdown2.o(.ARM.Collect$$libshutdown$$0000000A) for __rt_lib_shutdown_signal_1
    libshutdown.o(.ARM.Collect$$libshutdown$$00000000) refers (Special) to libshutdown2.o(.ARM.Collect$$libshutdown$$00000004) for __rt_lib_shutdown_stdio_1
    libshutdown.o(.ARM.Collect$$libshutdown$$00000000) refers (Special) to libshutdown2.o(.ARM.Collect$$libshutdown$$0000000C) for __rt_lib_shutdown_user_alloc_1
    sys_command.o(.text) refers (Special) to use_no_semi.o(.text) for __I$use$semihosting
    sys_command.o(.text) refers (Special) to indicate_semi.o(.text) for __semihosting_library_function
    defsig_rtmem_outer.o(.text) refers to defsig_rtmem_inner.o(.text) for __rt_SIGRTMEM_inner
    defsig_rtmem_outer.o(.text) refers to defsig_exit.o(.text) for __sig_exit
    defsig_rtmem_formal.o(.text) refers to rt_raise.o(.text) for __rt_raise
    rt_raise.o(.text) refers to __raise.o(.text) for __raise
    rt_raise.o(.text) refers to sys_exit.o(.text) for _sys_exit
    defsig_exit.o(.text) refers to sys_exit.o(.text) for _sys_exit
    defsig_rtmem_inner.o(.text) refers to defsig_general.o(.text) for __default_signal_display
    __raise.o(.text) refers to defsig.o(CL$$defsig) for __default_signal_handler
    defsig_general.o(.text) refers to sys_wrch.o(.text) for _ttywrch
    sys_wrch.o(.text) refers (Special) to use_no_semi.o(.text) for __I$use$semihosting
    sys_wrch.o(.text) refers (Special) to indicate_semi.o(.text) for __semihosting_library_function
    defsig.o(CL$$defsig) refers to defsig_rtmem_inner.o(.text) for __rt_SIGRTMEM_inner
    defsig_abrt_inner.o(.text) refers to defsig_general.o(.text) for __default_signal_display
    defsig_fpe_inner.o(.text) refers to defsig_general.o(.text) for __default_signal_display
    defsig_rtred_inner.o(.text) refers to defsig_general.o(.text) for __default_signal_display
    defsig_stak_inner.o(.text) refers to defsig_general.o(.text) for __default_signal_display
    defsig_pvfn_inner.o(.text) refers to defsig_general.o(.text) for __default_signal_display
    defsig_cppl_inner.o(.text) refers to defsig_general.o(.text) for __default_signal_display
    defsig_segv_inner.o(.text) refers to defsig_general.o(.text) for __default_signal_display
    defsig_other.o(.text) refers to defsig_general.o(.text) for __default_signal_display


==============================================================================

Removing Unused input sections from the image.

    Removing magwrist_readdata.o(i.I2C0_ReadByte), (140 bytes).
    Removing magwrist_readdata.o(i.I2C0_WriteByte), (128 bytes).
    Removing magwrist_readdata.o(i.I2C_ReadWriteByte), (328 bytes).
    Removing magwrist_readdata.o(i.PCA9557_Config), (30 bytes).
    Removing magwrist_readdata.o(i.Read_Mag), (212 bytes).
    Removing magwrist_readdata.o(i.S800_GPIO_Init), (84 bytes).
    Removing magwrist_readdata.o(i.S800_I2C0_Init), (204 bytes).
    Removing magwrist_readdata.o(i.TCA6424_Config), (66 bytes).
    Removing magwrist_readdata.o(i.display), (320 bytes).
    Removing system_tm4c129.o(.rev16_text), (4 bytes).
    Removing system_tm4c129.o(.revsh_text), (4 bytes).
    Removing system_tm4c129.o(.rrx_text), (6 bytes).
    Removing system_tm4c129.o(i.SystemCoreClockUpdate), (16 bytes).
    Removing gpio.o(i.GPIOADCTriggerDisable), (14 bytes).
    Removing gpio.o(i.GPIOADCTriggerEnable), (12 bytes).
    Removing gpio.o(i.GPIODMATriggerDisable), (14 bytes).
    Removing gpio.o(i.GPIODMATriggerEnable), (12 bytes).
    Removing gpio.o(i.GPIODirModeGet), (34 bytes).
    Removing gpio.o(i.GPIOIntClear), (6 bytes).
    Removing gpio.o(i.GPIOIntDisable), (14 bytes).
    Removing gpio.o(i.GPIOIntEnable), (12 bytes).
    Removing gpio.o(i.GPIOIntRegister), (26 bytes).
    Removing gpio.o(i.GPIOIntRegisterPin), (30 bytes).
    Removing gpio.o(i.GPIOIntStatus), (14 bytes).
    Removing gpio.o(i.GPIOIntTypeGet), (68 bytes).
    Removing gpio.o(i.GPIOIntTypeSet), (80 bytes).
    Removing gpio.o(i.GPIOIntUnregister), (22 bytes).
    Removing gpio.o(i.GPIOIntUnregisterPin), (26 bytes).
    Removing gpio.o(i.GPIOPadConfigGet), (204 bytes).
    Removing gpio.o(i.GPIOPinRead), (6 bytes).
    Removing gpio.o(i.GPIOPinTypeADC), (28 bytes).
    Removing gpio.o(i.GPIOPinTypeCAN), (28 bytes).
    Removing gpio.o(i.GPIOPinTypeComparator), (28 bytes).
    Removing gpio.o(i.GPIOPinTypeComparatorOutput), (28 bytes).
    Removing gpio.o(i.GPIOPinTypeDIVSCLK), (28 bytes).
    Removing gpio.o(i.GPIOPinTypeEPI), (28 bytes).
    Removing gpio.o(i.GPIOPinTypeEthernetLED), (28 bytes).
    Removing gpio.o(i.GPIOPinTypeEthernetMII), (28 bytes).
    Removing gpio.o(i.GPIOPinTypeGPIOInput), (28 bytes).
    Removing gpio.o(i.GPIOPinTypeGPIOOutputOD), (28 bytes).
    Removing gpio.o(i.GPIOPinTypeHibernateRTCCLK), (28 bytes).
    Removing gpio.o(i.GPIOPinTypeLCD), (28 bytes).
    Removing gpio.o(i.GPIOPinTypeOneWire), (28 bytes).
    Removing gpio.o(i.GPIOPinTypePWM), (28 bytes).
    Removing gpio.o(i.GPIOPinTypeQEI), (28 bytes).
    Removing gpio.o(i.GPIOPinTypeSSI), (28 bytes).
    Removing gpio.o(i.GPIOPinTypeTimer), (28 bytes).
    Removing gpio.o(i.GPIOPinTypeTrace), (28 bytes).
    Removing gpio.o(i.GPIOPinTypeUSBAnalog), (28 bytes).
    Removing gpio.o(i.GPIOPinTypeUSBDigital), (28 bytes).
    Removing gpio.o(i.GPIOPinTypeWakeHigh), (30 bytes).
    Removing gpio.o(i.GPIOPinTypeWakeLow), (30 bytes).
    Removing gpio.o(i.GPIOPinWakeStatus), (6 bytes).
    Removing gpio.o(i._GPIOIntNumberGet), (80 bytes).
    Removing i2c.o(i.I2CFIFODataGet), (16 bytes).
    Removing i2c.o(i.I2CFIFODataGetNonBlocking), (24 bytes).
    Removing i2c.o(i.I2CFIFODataPut), (16 bytes).
    Removing i2c.o(i.I2CFIFODataPutNonBlocking), (20 bytes).
    Removing i2c.o(i.I2CFIFOStatus), (6 bytes).
    Removing i2c.o(i.I2CIntRegister), (96 bytes).
    Removing i2c.o(i.I2CIntUnregister), (96 bytes).
    Removing i2c.o(i.I2CLoopbackEnable), (10 bytes).
    Removing i2c.o(i.I2CMasterBurstCountGet), (4 bytes).
    Removing i2c.o(i.I2CMasterBurstLengthSet), (4 bytes).
    Removing i2c.o(i.I2CMasterDisable), (10 bytes).
    Removing i2c.o(i.I2CMasterEnable), (10 bytes).
    Removing i2c.o(i.I2CMasterGlitchFilterConfigSet), (84 bytes).
    Removing i2c.o(i.I2CMasterIntClear), (8 bytes).
    Removing i2c.o(i.I2CMasterIntClearEx), (4 bytes).
    Removing i2c.o(i.I2CMasterIntDisable), (6 bytes).
    Removing i2c.o(i.I2CMasterIntDisableEx), (10 bytes).
    Removing i2c.o(i.I2CMasterIntEnable), (6 bytes).
    Removing i2c.o(i.I2CMasterIntEnableEx), (8 bytes).
    Removing i2c.o(i.I2CMasterIntStatus), (24 bytes).
    Removing i2c.o(i.I2CMasterIntStatusEx), (10 bytes).
    Removing i2c.o(i.I2CMasterLineStateGet), (4 bytes).
    Removing i2c.o(i.I2CMasterTimeoutSet), (4 bytes).
    Removing i2c.o(i.I2CRxFIFOConfigSet), (22 bytes).
    Removing i2c.o(i.I2CRxFIFOFlush), (14 bytes).
    Removing i2c.o(i.I2CSlaveACKOverride), (22 bytes).
    Removing i2c.o(i.I2CSlaveACKValueSet), (22 bytes).
    Removing i2c.o(i.I2CSlaveAddressSet), (24 bytes).
    Removing i2c.o(i.I2CSlaveDataGet), (6 bytes).
    Removing i2c.o(i.I2CSlaveDataPut), (6 bytes).
    Removing i2c.o(i.I2CSlaveDisable), (16 bytes).
    Removing i2c.o(i.I2CSlaveEnable), (16 bytes).
    Removing i2c.o(i.I2CSlaveFIFODisable), (8 bytes).
    Removing i2c.o(i.I2CSlaveFIFOEnable), (10 bytes).
    Removing i2c.o(i.I2CSlaveInit), (20 bytes).
    Removing i2c.o(i.I2CSlaveIntClear), (8 bytes).
    Removing i2c.o(i.I2CSlaveIntClearEx), (6 bytes).
    Removing i2c.o(i.I2CSlaveIntDisable), (14 bytes).
    Removing i2c.o(i.I2CSlaveIntDisableEx), (14 bytes).
    Removing i2c.o(i.I2CSlaveIntEnable), (14 bytes).
    Removing i2c.o(i.I2CSlaveIntEnableEx), (12 bytes).
    Removing i2c.o(i.I2CSlaveIntStatus), (28 bytes).
    Removing i2c.o(i.I2CSlaveIntStatusEx), (14 bytes).
    Removing i2c.o(i.I2CSlaveStatus), (6 bytes).
    Removing i2c.o(i.I2CTxFIFOConfigSet), (24 bytes).
    Removing i2c.o(i.I2CTxFIFOFlush), (14 bytes).
    Removing i2c.o(.constdata), (128 bytes).
    Removing sysctl.o(.emb_text), (6 bytes).
    Removing sysctl.o(i.SysCtlAltClkConfig), (12 bytes).
    Removing sysctl.o(i.SysCtlClockGet), (340 bytes).
    Removing sysctl.o(i.SysCtlClockOutConfig), (20 bytes).
    Removing sysctl.o(i.SysCtlClockSet), (288 bytes).
    Removing sysctl.o(i.SysCtlDeepSleep), (32 bytes).
    Removing sysctl.o(i.SysCtlDeepSleepClockConfigSet), (112 bytes).
    Removing sysctl.o(i.SysCtlDeepSleepClockSet), (12 bytes).
    Removing sysctl.o(i.SysCtlDeepSleepPowerSet), (12 bytes).
    Removing sysctl.o(i.SysCtlFlashSectorSizeGet), (56 bytes).
    Removing sysctl.o(i.SysCtlFlashSizeGet), (56 bytes).
    Removing sysctl.o(i.SysCtlGPIOAHBDisable), (28 bytes).
    Removing sysctl.o(i.SysCtlGPIOAHBEnable), (24 bytes).
    Removing sysctl.o(i.SysCtlIntClear), (12 bytes).
    Removing sysctl.o(i.SysCtlIntDisable), (16 bytes).
    Removing sysctl.o(i.SysCtlIntEnable), (16 bytes).
    Removing sysctl.o(i.SysCtlIntRegister), (20 bytes).
    Removing sysctl.o(i.SysCtlIntStatus), (16 bytes).
    Removing sysctl.o(i.SysCtlIntUnregister), (18 bytes).
    Removing sysctl.o(i.SysCtlLDODeepSleepGet), (12 bytes).
    Removing sysctl.o(i.SysCtlLDODeepSleepSet), (12 bytes).
    Removing sysctl.o(i.SysCtlLDOSleepGet), (12 bytes).
    Removing sysctl.o(i.SysCtlLDOSleepSet), (12 bytes).
    Removing sysctl.o(i.SysCtlMOSCConfigSet), (12 bytes).
    Removing sysctl.o(i.SysCtlNMIClear), (16 bytes).
    Removing sysctl.o(i.SysCtlNMIStatus), (12 bytes).
    Removing sysctl.o(i.SysCtlPIOSCCalibrate), (76 bytes).
    Removing sysctl.o(i.SysCtlPWMClockGet), (24 bytes).
    Removing sysctl.o(i.SysCtlPWMClockSet), (20 bytes).
    Removing sysctl.o(i.SysCtlPeripheralClockGating), (68 bytes).
    Removing sysctl.o(i.SysCtlPeripheralDeepSleepDisable), (40 bytes).
    Removing sysctl.o(i.SysCtlPeripheralDeepSleepEnable), (40 bytes).
    Removing sysctl.o(i.SysCtlPeripheralDisable), (40 bytes).
    Removing sysctl.o(i.SysCtlPeripheralPowerOff), (40 bytes).
    Removing sysctl.o(i.SysCtlPeripheralPowerOn), (40 bytes).
    Removing sysctl.o(i.SysCtlPeripheralPresent), (44 bytes).
    Removing sysctl.o(i.SysCtlPeripheralReset), (60 bytes).
    Removing sysctl.o(i.SysCtlPeripheralSleepDisable), (40 bytes).
    Removing sysctl.o(i.SysCtlPeripheralSleepEnable), (40 bytes).
    Removing sysctl.o(i.SysCtlReset), (16 bytes).
    Removing sysctl.o(i.SysCtlResetBehaviorGet), (12 bytes).
    Removing sysctl.o(i.SysCtlResetBehaviorSet), (12 bytes).
    Removing sysctl.o(i.SysCtlResetCauseClear), (16 bytes).
    Removing sysctl.o(i.SysCtlResetCauseGet), (12 bytes).
    Removing sysctl.o(i.SysCtlSRAMSizeGet), (16 bytes).
    Removing sysctl.o(i.SysCtlSleep), (4 bytes).
    Removing sysctl.o(i.SysCtlSleepPowerSet), (12 bytes).
    Removing sysctl.o(i.SysCtlUSBPLLDisable), (16 bytes).
    Removing sysctl.o(i.SysCtlUSBPLLEnable), (16 bytes).
    Removing sysctl.o(i.SysCtlVCOGet), (120 bytes).
    Removing sysctl.o(i.SysCtlVoltageEventClear), (16 bytes).
    Removing sysctl.o(i.SysCtlVoltageEventConfig), (12 bytes).
    Removing sysctl.o(i.SysCtlVoltageEventStatus), (12 bytes).
    Removing systick.o(i.SysTickDisable), (14 bytes).
    Removing systick.o(i.SysTickIntDisable), (14 bytes).
    Removing systick.o(i.SysTickIntRegister), (24 bytes).
    Removing systick.o(i.SysTickIntUnregister), (18 bytes).
    Removing systick.o(i.SysTickPeriodGet), (10 bytes).
    Removing systick.o(i.SysTickValueGet), (8 bytes).
    Removing uart.o(i.UART9BitAddrSend), (38 bytes).
    Removing uart.o(i.UART9BitAddrSet), (10 bytes).
    Removing uart.o(i.UART9BitDisable), (14 bytes).
    Removing uart.o(i.UART9BitEnable), (14 bytes).
    Removing uart.o(i.UARTBreakCtl), (18 bytes).
    Removing uart.o(i.UARTBusy), (8 bytes).
    Removing uart.o(i.UARTCharGet), (12 bytes).
    Removing uart.o(i.UARTCharGetNonBlocking), (16 bytes).
    Removing uart.o(i.UARTCharPutNonBlocking), (16 bytes).
    Removing uart.o(i.UARTCharsAvail), (10 bytes).
    Removing uart.o(i.UARTClockSourceGet), (6 bytes).
    Removing uart.o(i.UARTClockSourceSet), (6 bytes).
    Removing uart.o(i.UARTConfigGetExpClk), (46 bytes).
    Removing uart.o(i.UARTDMADisable), (10 bytes).
    Removing uart.o(i.UARTDMAEnable), (8 bytes).
    Removing uart.o(i.UARTDisable), (30 bytes).
    Removing uart.o(i.UARTDisableSIR), (10 bytes).
    Removing uart.o(i.UARTEnable), (20 bytes).
    Removing uart.o(i.UARTEnableSIR), (18 bytes).
    Removing uart.o(i.UARTFIFODisable), (10 bytes).
    Removing uart.o(i.UARTFIFOEnable), (10 bytes).
    Removing uart.o(i.UARTFIFOLevelGet), (16 bytes).
    Removing uart.o(i.UARTFIFOLevelSet), (6 bytes).
    Removing uart.o(i.UARTFlowControlGet), (8 bytes).
    Removing uart.o(i.UARTFlowControlSet), (12 bytes).
    Removing uart.o(i.UARTIntClear), (4 bytes).
    Removing uart.o(i.UARTIntDisable), (10 bytes).
    Removing uart.o(i.UARTIntEnable), (8 bytes).
    Removing uart.o(i.UARTIntRegister), (88 bytes).
    Removing uart.o(i.UARTIntStatus), (10 bytes).
    Removing uart.o(i.UARTIntUnregister), (88 bytes).
    Removing uart.o(i.UARTLoopbackEnable), (10 bytes).
    Removing uart.o(i.UARTModemControlClear), (14 bytes).
    Removing uart.o(i.UARTModemControlGet), (8 bytes).
    Removing uart.o(i.UARTModemControlSet), (12 bytes).
    Removing uart.o(i.UARTModemStatusGet), (10 bytes).
    Removing uart.o(i.UARTParityModeGet), (8 bytes).
    Removing uart.o(i.UARTParityModeSet), (12 bytes).
    Removing uart.o(i.UARTRxErrorClear), (6 bytes).
    Removing uart.o(i.UARTRxErrorGet), (8 bytes).
    Removing uart.o(i.UARTSmartCardDisable), (10 bytes).
    Removing uart.o(i.UARTSmartCardEnable), (22 bytes).
    Removing uart.o(i.UARTSpaceAvail), (10 bytes).
    Removing uart.o(i.UARTTxIntModeGet), (8 bytes).
    Removing uart.o(i.UARTTxIntModeSet), (12 bytes).
    Removing uart.o(.constdata), (128 bytes).
    Removing cpu.o(.emb_text), (38 bytes).
    Removing interrupt.o(i.IntDisable), (100 bytes).
    Removing interrupt.o(i.IntEnable), (100 bytes).
    Removing interrupt.o(i.IntIsEnabled), (96 bytes).
    Removing interrupt.o(i.IntMasterDisable), (14 bytes).
    Removing interrupt.o(i.IntMasterEnable), (14 bytes).
    Removing interrupt.o(i.IntPendClear), (68 bytes).
    Removing interrupt.o(i.IntPendSet), (84 bytes).
    Removing interrupt.o(i.IntPriorityGet), (28 bytes).
    Removing interrupt.o(i.IntPriorityGroupingGet), (36 bytes).
    Removing interrupt.o(i.IntPriorityGroupingSet), (28 bytes).
    Removing interrupt.o(i.IntPriorityMaskGet), (4 bytes).
    Removing interrupt.o(i.IntPriorityMaskSet), (4 bytes).
    Removing interrupt.o(i.IntPrioritySet), (40 bytes).
    Removing interrupt.o(i.IntRegister), (52 bytes).
    Removing interrupt.o(i.IntTrigger), (12 bytes).
    Removing interrupt.o(i.IntUnregister), (20 bytes).
    Removing interrupt.o(i._IntDefaultHandler), (2 bytes).
    Removing interrupt.o(.constdata), (268 bytes).
    Removing interrupt.o(vtable), (620 bytes).

226 unused section(s) (total 8412 bytes) removed from the image.

==============================================================================

Image Symbol Table

    Local Symbols

    Symbol Name                              Value     Ov Type        Size  Object(Section)

    RESET                                    0x00000000   Section      512  startup_tm4c129.o(RESET)
    ../clib/angel/boardlib.s                 0x00000000   Number         0  boardinit1.o ABSOLUTE
    ../clib/angel/boardlib.s                 0x00000000   Number         0  boardshut.o ABSOLUTE
    ../clib/angel/boardlib.s                 0x00000000   Number         0  boardinit3.o ABSOLUTE
    ../clib/angel/boardlib.s                 0x00000000   Number         0  boardinit2.o ABSOLUTE
    ../clib/angel/handlers.s                 0x00000000   Number         0  __scatter_copy.o ABSOLUTE
    ../clib/angel/handlers.s                 0x00000000   Number         0  __scatter_zi.o ABSOLUTE
    ../clib/angel/kernel.s                   0x00000000   Number         0  __rtentry4.o ABSOLUTE
    ../clib/angel/kernel.s                   0x00000000   Number         0  rtexit.o ABSOLUTE
    ../clib/angel/kernel.s                   0x00000000   Number         0  rtexit2.o ABSOLUTE
    ../clib/angel/kernel.s                   0x00000000   Number         0  __rtentry.o ABSOLUTE
    ../clib/angel/kernel.s                   0x00000000   Number         0  __rtentry2.o ABSOLUTE
    ../clib/angel/rt.s                       0x00000000   Number         0  rt_raise.o ABSOLUTE
    ../clib/angel/scatter.s                  0x00000000   Number         0  __scatter.o ABSOLUTE
    ../clib/angel/startup.s                  0x00000000   Number         0  __main.o ABSOLUTE
    ../clib/angel/sys.s                      0x00000000   Number         0  sys_stackheap_outer.o ABSOLUTE
    ../clib/angel/sys.s                      0x00000000   Number         0  use_no_semi.o ABSOLUTE
    ../clib/angel/sys.s                      0x00000000   Number         0  indicate_semi.o ABSOLUTE
    ../clib/angel/sys.s                      0x00000000   Number         0  libspace.o ABSOLUTE
    ../clib/angel/sysapp.c                   0x00000000   Number         0  sys_wrch.o ABSOLUTE
    ../clib/angel/sysapp.c                   0x00000000   Number         0  sys_command.o ABSOLUTE
    ../clib/angel/sysapp.c                   0x00000000   Number         0  sys_exit.o ABSOLUTE
    ../clib/armsys.c                         0x00000000   Number         0  no_argv.o ABSOLUTE
    ../clib/armsys.c                         0x00000000   Number         0  _get_argv_nomalloc.o ABSOLUTE
    ../clib/armsys.c                         0x00000000   Number         0  argv_veneer.o ABSOLUTE
    ../clib/armsys.c                         0x00000000   Number         0  argv_veneer.o ABSOLUTE
    ../clib/heapalloc.c                      0x00000000   Number         0  hrguard.o ABSOLUTE
    ../clib/heapaux.c                        0x00000000   Number         0  heapauxi.o ABSOLUTE
    ../clib/libinit.s                        0x00000000   Number         0  libinit.o ABSOLUTE
    ../clib/libinit.s                        0x00000000   Number         0  libinit2.o ABSOLUTE
    ../clib/libinit.s                        0x00000000   Number         0  libshutdown2.o ABSOLUTE
    ../clib/libinit.s                        0x00000000   Number         0  libshutdown.o ABSOLUTE
    ../clib/signal.c                         0x00000000   Number         0  defsig_rtmem_formal.o ABSOLUTE
    ../clib/signal.c                         0x00000000   Number         0  defsig_general.o ABSOLUTE
    ../clib/signal.c                         0x00000000   Number         0  __raise.o ABSOLUTE
    ../clib/signal.c                         0x00000000   Number         0  defsig_other.o ABSOLUTE
    ../clib/signal.c                         0x00000000   Number         0  defsig_rtred_inner.o ABSOLUTE
    ../clib/signal.c                         0x00000000   Number         0  defsig_stak_inner.o ABSOLUTE
    ../clib/signal.c                         0x00000000   Number         0  defsig_rtmem_inner.o ABSOLUTE
    ../clib/signal.c                         0x00000000   Number         0  defsig_pvfn_inner.o ABSOLUTE
    ../clib/signal.c                         0x00000000   Number         0  defsig_cppl_inner.o ABSOLUTE
    ../clib/signal.c                         0x00000000   Number         0  defsig_segv_inner.o ABSOLUTE
    ../clib/signal.c                         0x00000000   Number         0  defsig_exit.o ABSOLUTE
    ../clib/signal.c                         0x00000000   Number         0  defsig_rtmem_outer.o ABSOLUTE
    ../clib/signal.c                         0x00000000   Number         0  defsig_abrt_inner.o ABSOLUTE
    ../clib/signal.c                         0x00000000   Number         0  defsig_fpe_inner.o ABSOLUTE
    ../clib/signal.s                         0x00000000   Number         0  defsig.o ABSOLUTE
    ../clib/stdlib.c                         0x00000000   Number         0  exit.o ABSOLUTE
    ../fplib/ddiv.s                          0x00000000   Number         0  ddiv.o ABSOLUTE
    ../fplib/dfix.s                          0x00000000   Number         0  dfix.o ABSOLUTE
    ../fplib/dflt.s                          0x00000000   Number         0  dflt_clz.o ABSOLUTE
    ../fplib/dnaninf.s                       0x00000000   Number         0  dnaninf.o ABSOLUTE
    ../fplib/dretinf.s                       0x00000000   Number         0  dretinf.o ABSOLUTE
    ../fplib/fpinit.s                        0x00000000   Number         0  fpinit.o ABSOLUTE
    ../fplib/usenofp.s                       0x00000000   Number         0  usenofp.o ABSOLUTE
    MagWrist_ReadData.c                      0x00000000   Number         0  magwrist_readdata.o ABSOLUTE
    RTE\Device\TM4C1294NCPDT\startup_TM4C129.s 0x00000000   Number         0  startup_tm4c129.o ABSOLUTE
    RTE\Device\TM4C1294NCPDT\system_TM4C129.c 0x00000000   Number         0  system_tm4c129.o ABSOLUTE
    RTE\\Device\\TM4C1294NCPDT\\system_TM4C129.c 0x00000000   Number         0  system_tm4c129.o ABSOLUTE
    cpu.c                                    0x00000000   Number         0  cpu.o ABSOLUTE
    cpu.c                                    0x00000000   Number         0  cpu.o ABSOLUTE
    dc.s                                     0x00000000   Number         0  dc.o ABSOLUTE
    gpio.c                                   0x00000000   Number         0  gpio.o ABSOLUTE
    i2c.c                                    0x00000000   Number         0  i2c.o ABSOLUTE
    interrupt.c                              0x00000000   Number         0  interrupt.o ABSOLUTE
    sysctl.c                                 0x00000000   Number         0  sysctl.o ABSOLUTE
    sysctl.c                                 0x00000000   Number         0  sysctl.o ABSOLUTE
    systick.c                                0x00000000   Number         0  systick.o ABSOLUTE
    uart.c                                   0x00000000   Number         0  uart.o ABSOLUTE
    !!!main                                  0x00000200   Section        8  __main.o(!!!main)
    !!!scatter                               0x00000208   Section       52  __scatter.o(!!!scatter)
    !!handler_copy                           0x0000023c   Section       26  __scatter_copy.o(!!handler_copy)
    !!handler_zi                             0x00000258   Section       28  __scatter_zi.o(!!handler_zi)
    .ARM.Collect$$libinit$$00000000          0x00000274   Section        2  libinit.o(.ARM.Collect$$libinit$$00000000)
    .ARM.Collect$$libinit$$00000001          0x00000276   Section        4  libinit2.o(.ARM.Collect$$libinit$$00000001)
    .ARM.Collect$$libinit$$00000004          0x0000027a   Section        0  libinit2.o(.ARM.Collect$$libinit$$00000004)
    .ARM.Collect$$libinit$$0000000A          0x0000027a   Section        0  libinit2.o(.ARM.Collect$$libinit$$0000000A)
    .ARM.Collect$$libinit$$0000000C          0x0000027a   Section        0  libinit2.o(.ARM.Collect$$libinit$$0000000C)
    .ARM.Collect$$libinit$$0000000E          0x0000027a   Section        0  libinit2.o(.ARM.Collect$$libinit$$0000000E)
    .ARM.Collect$$libinit$$00000011          0x0000027a   Section        0  libinit2.o(.ARM.Collect$$libinit$$00000011)
    .ARM.Collect$$libinit$$00000013          0x0000027a   Section        0  libinit2.o(.ARM.Collect$$libinit$$00000013)
    .ARM.Collect$$libinit$$00000015          0x0000027a   Section        0  libinit2.o(.ARM.Collect$$libinit$$00000015)
    .ARM.Collect$$libinit$$00000017          0x0000027a   Section        0  libinit2.o(.ARM.Collect$$libinit$$00000017)
    .ARM.Collect$$libinit$$00000019          0x0000027a   Section        0  libinit2.o(.ARM.Collect$$libinit$$00000019)
    .ARM.Collect$$libinit$$0000001B          0x0000027a   Section        0  libinit2.o(.ARM.Collect$$libinit$$0000001B)
    .ARM.Collect$$libinit$$0000001D          0x0000027a   Section        0  libinit2.o(.ARM.Collect$$libinit$$0000001D)
    .ARM.Collect$$libinit$$0000001F          0x0000027a   Section        0  libinit2.o(.ARM.Collect$$libinit$$0000001F)
    .ARM.Collect$$libinit$$00000021          0x0000027a   Section        0  libinit2.o(.ARM.Collect$$libinit$$00000021)
    .ARM.Collect$$libinit$$00000023          0x0000027a   Section        0  libinit2.o(.ARM.Collect$$libinit$$00000023)
    .ARM.Collect$$libinit$$00000025          0x0000027a   Section        0  libinit2.o(.ARM.Collect$$libinit$$00000025)
    .ARM.Collect$$libinit$$0000002C          0x0000027a   Section        0  libinit2.o(.ARM.Collect$$libinit$$0000002C)
    .ARM.Collect$$libinit$$0000002E          0x0000027a   Section        0  libinit2.o(.ARM.Collect$$libinit$$0000002E)
    .ARM.Collect$$libinit$$00000030          0x0000027a   Section        0  libinit2.o(.ARM.Collect$$libinit$$00000030)
    .ARM.Collect$$libinit$$00000032          0x0000027a   Section        0  libinit2.o(.ARM.Collect$$libinit$$00000032)
    .ARM.Collect$$libinit$$00000033          0x0000027a   Section        2  libinit2.o(.ARM.Collect$$libinit$$00000033)
    .ARM.Collect$$libshutdown$$00000000      0x0000027c   Section        2  libshutdown.o(.ARM.Collect$$libshutdown$$00000000)
    .ARM.Collect$$libshutdown$$00000002      0x0000027e   Section        0  libshutdown2.o(.ARM.Collect$$libshutdown$$00000002)
    .ARM.Collect$$libshutdown$$00000004      0x0000027e   Section        0  libshutdown2.o(.ARM.Collect$$libshutdown$$00000004)
    .ARM.Collect$$libshutdown$$00000007      0x0000027e   Section        0  libshutdown2.o(.ARM.Collect$$libshutdown$$00000007)
    .ARM.Collect$$libshutdown$$0000000A      0x0000027e   Section        0  libshutdown2.o(.ARM.Collect$$libshutdown$$0000000A)
    .ARM.Collect$$libshutdown$$0000000C      0x0000027e   Section        0  libshutdown2.o(.ARM.Collect$$libshutdown$$0000000C)
    .ARM.Collect$$libshutdown$$0000000F      0x0000027e   Section        0  libshutdown2.o(.ARM.Collect$$libshutdown$$0000000F)
    .ARM.Collect$$libshutdown$$00000010      0x0000027e   Section        2  libshutdown2.o(.ARM.Collect$$libshutdown$$00000010)
    .ARM.Collect$$rtentry$$00000000          0x00000280   Section        0  __rtentry.o(.ARM.Collect$$rtentry$$00000000)
    .ARM.Collect$$rtentry$$00000002          0x00000280   Section        0  __rtentry2.o(.ARM.Collect$$rtentry$$00000002)
    .ARM.Collect$$rtentry$$00000004          0x00000280   Section        6  __rtentry4.o(.ARM.Collect$$rtentry$$00000004)
    .ARM.Collect$$rtentry$$00000009          0x00000286   Section        0  __rtentry2.o(.ARM.Collect$$rtentry$$00000009)
    .ARM.Collect$$rtentry$$0000000A          0x00000286   Section        4  __rtentry2.o(.ARM.Collect$$rtentry$$0000000A)
    .ARM.Collect$$rtentry$$0000000C          0x0000028a   Section        0  __rtentry2.o(.ARM.Collect$$rtentry$$0000000C)
    .ARM.Collect$$rtentry$$0000000D          0x0000028a   Section        8  __rtentry2.o(.ARM.Collect$$rtentry$$0000000D)
    .ARM.Collect$$rtexit$$00000000           0x00000292   Section        2  rtexit.o(.ARM.Collect$$rtexit$$00000000)
    .ARM.Collect$$rtexit$$00000002           0x00000294   Section        0  rtexit2.o(.ARM.Collect$$rtexit$$00000002)
    .ARM.Collect$$rtexit$$00000003           0x00000294   Section        4  rtexit2.o(.ARM.Collect$$rtexit$$00000003)
    .ARM.Collect$$rtexit$$00000004           0x00000298   Section        6  rtexit2.o(.ARM.Collect$$rtexit$$00000004)
    .text                                    0x000002a0   Section      300  startup_tm4c129.o(.text)
    $v0                                      0x000002a0   Number         0  startup_tm4c129.o(.text)
    .text                                    0x000003cc   Section        0  heapauxi.o(.text)
    .text                                    0x000003d2   Section       74  sys_stackheap_outer.o(.text)
    .text                                    0x0000041c   Section        0  exit.o(.text)
    .text                                    0x00000430   Section        8  libspace.o(.text)
    .text                                    0x00000438   Section        0  sys_exit.o(.text)
    .text                                    0x00000444   Section        2  use_no_semi.o(.text)
    .text                                    0x00000446   Section        0  indicate_semi.o(.text)
    i.Delay                                  0x00000446   Section        0  magwrist_readdata.o(i.Delay)
    i.GPIODirModeSet                         0x00000452   Section        0  gpio.o(i.GPIODirModeSet)
    i.GPIOPadConfigSet                       0x0000047a   Section        0  gpio.o(i.GPIOPadConfigSet)
    i.GPIOPinConfigure                       0x000005b4   Section        0  gpio.o(i.GPIOPinConfigure)
    i.GPIOPinTypeGPIOOutput                  0x000005f8   Section        0  gpio.o(i.GPIOPinTypeGPIOOutput)
    i.GPIOPinTypeI2C                         0x00000614   Section        0  gpio.o(i.GPIOPinTypeI2C)
    i.GPIOPinTypeI2CSCL                      0x00000630   Section        0  gpio.o(i.GPIOPinTypeI2CSCL)
    i.GPIOPinTypeUART                        0x0000064c   Section        0  gpio.o(i.GPIOPinTypeUART)
    i.GPIOPinWrite                           0x00000668   Section        0  gpio.o(i.GPIOPinWrite)
    i.HMC5983_Config                         0x00000670   Section        0  magwrist_readdata.o(i.HMC5983_Config)
    i.HMC5983_Read                           0x000006a0   Section        0  magwrist_readdata.o(i.HMC5983_Read)
    i.I2CMasterBusBusy                       0x0000077c   Section        0  i2c.o(i.I2CMasterBusBusy)
    i.I2CMasterBusy                          0x00000788   Section        0  i2c.o(i.I2CMasterBusy)
    i.I2CMasterControl                       0x00000794   Section        0  i2c.o(i.I2CMasterControl)
    i.I2CMasterDataGet                       0x00000798   Section        0  i2c.o(i.I2CMasterDataGet)
    i.I2CMasterDataPut                       0x0000079c   Section        0  i2c.o(i.I2CMasterDataPut)
    i.I2CMasterErr                           0x000007a0   Section        0  i2c.o(i.I2CMasterErr)
    i.I2CMasterInitExpClk                    0x000007b8   Section        0  i2c.o(i.I2CMasterInitExpClk)
    i.I2CMasterSlaveAddrSet                  0x0000080c   Section        0  i2c.o(i.I2CMasterSlaveAddrSet)
    i.I2C_ReadByte                           0x00000814   Section        0  magwrist_readdata.o(i.I2C_ReadByte)
    i.I2C_WriteByte                          0x00000904   Section        0  magwrist_readdata.o(i.I2C_WriteByte)
    i.MPU9250_Config                         0x00000a08   Section        0  magwrist_readdata.o(i.MPU9250_Config)
    i.MPU9250_Read                           0x00000a4c   Section        0  magwrist_readdata.o(i.MPU9250_Read)
    i.Read_Accel                             0x00000ab8   Section        0  magwrist_readdata.o(i.Read_Accel)
    i.Read_Gyro                              0x00000b98   Section        0  magwrist_readdata.o(i.Read_Gyro)
    i.S800_I2C_Init                          0x00000cbc   Section        0  magwrist_readdata.o(i.S800_I2C_Init)
    i.S800_UART_Init                         0x00001274   Section        0  magwrist_readdata.o(i.S800_UART_Init)
    i.SysCtlClockFreqSet                     0x000012ec   Section        0  sysctl.o(i.SysCtlClockFreqSet)
    i.SysCtlPeripheralEnable                 0x000015d8   Section        0  sysctl.o(i.SysCtlPeripheralEnable)
    i.SysCtlPeripheralReady                  0x00001600   Section        0  sysctl.o(i.SysCtlPeripheralReady)
    i.SysTickEnable                          0x0000162c   Section        0  systick.o(i.SysTickEnable)
    i.SysTickIntEnable                       0x0000163a   Section        0  systick.o(i.SysTickIntEnable)
    i.SysTickPeriodSet                       0x00001648   Section        0  systick.o(i.SysTickPeriodSet)
    i.SysTick_Handler                        0x00001654   Section        0  magwrist_readdata.o(i.SysTick_Handler)
    i.SystemInit                             0x000016a4   Section        0  system_tm4c129.o(i.SystemInit)
    i.UARTCharPut                            0x000016c4   Section        0  uart.o(i.UARTCharPut)
    i.UARTConfigSetExpClk                    0x000016d0   Section        0  uart.o(i.UARTConfigSetExpClk)
    i.UARTStringPut                          0x00001740   Section        0  magwrist_readdata.o(i.UARTStringPut)
    i.dataConv                               0x0000175c   Section        0  magwrist_readdata.o(i.dataConv)
    i.main                                   0x0000181c   Section        0  magwrist_readdata.o(i.main)
    x$fpl$ddiv                               0x00001968   Section      688  ddiv.o(x$fpl$ddiv)
    $v0                                      0x00001968   Number         0  ddiv.o(x$fpl$ddiv)
    ddiv_entry                               0x0000196f   Thumb Code     0  ddiv.o(x$fpl$ddiv)
    x$fpl$dfix                               0x00001c18   Section       94  dfix.o(x$fpl$dfix)
    $v0                                      0x00001c18   Number         0  dfix.o(x$fpl$dfix)
    x$fpl$dflt                               0x00001c76   Section       46  dflt_clz.o(x$fpl$dflt)
    $v0                                      0x00001c76   Number         0  dflt_clz.o(x$fpl$dflt)
    x$fpl$dnaninf                            0x00001ca4   Section      156  dnaninf.o(x$fpl$dnaninf)
    $v0                                      0x00001ca4   Number         0  dnaninf.o(x$fpl$dnaninf)
    x$fpl$dretinf                            0x00001d40   Section       12  dretinf.o(x$fpl$dretinf)
    $v0                                      0x00001d40   Number         0  dretinf.o(x$fpl$dretinf)
    x$fpl$fpinit                             0x00001d4c   Section       10  fpinit.o(x$fpl$fpinit)
    $v0                                      0x00001d4c   Number         0  fpinit.o(x$fpl$fpinit)
    x$fpl$usenofp                            0x00001d56   Section        0  usenofp.o(x$fpl$usenofp)
    .constdata                               0x00001d58   Section      552  gpio.o(.constdata)
    g_ppui32GPIOIntMapBlizzard               0x00001d58   Data         192  gpio.o(.constdata)
    g_ppui32GPIOIntMapSnowflake              0x00001e18   Data         216  gpio.o(.constdata)
    g_pui32GPIOBaseAddrs                     0x00001ef0   Data         144  gpio.o(.constdata)
    .constdata                               0x00001f80   Section      596  sysctl.o(.constdata)
    g_pui32VCOFrequencies                    0x00001f80   Data           8  sysctl.o(.constdata)
    g_pui32Xtals                             0x00001f88   Data         108  sysctl.o(.constdata)
    g_pppui32XTALtoVCO                       0x00001ff4   Data         432  sysctl.o(.constdata)
    g_sXTALtoMEMTIM                          0x000021a4   Data          48  sysctl.o(.constdata)
    .data                                    0x20000000   Section       68  magwrist_readdata.o(.data)
    .data                                    0x20000044   Section        4  system_tm4c129.o(.data)
    .bss                                     0x20000048   Section       94  magwrist_readdata.o(.bss)
    .bss                                     0x200000a8   Section       96  libspace.o(.bss)
    HEAP                                     0x20000108   Section        0  startup_tm4c129.o(HEAP)
    STACK                                    0x20000108   Section      512  startup_tm4c129.o(STACK)
    Heap_Mem                                 0x20000108   Data           0  startup_tm4c129.o(HEAP)
    Stack_Mem                                0x20000108   Data         512  startup_tm4c129.o(STACK)
    __initial_sp                             0x20000308   Data           0  startup_tm4c129.o(STACK)

    Global Symbols

    Symbol Name                              Value     Ov Type        Size  Object(Section)

    BuildAttributes$$THM_ISAv4$E$P$D$K$B$S$7EM$VFPi3$EXTD16$VFPS$VFMA$PE$A:L22UL41UL21$X:L11$S22US41US21$IEEE1$IW$USESV6$~STKCKD$USESV7$~SHL$OTIME$ROPI$EBA8$UX$STANDARDLIB$REQ8$PRES8$EABIv2 0x00000000   Number         0  anon$$obj.o ABSOLUTE
    __ARM_use_no_argv                        0x00000000   Number         0  magwrist_readdata.o ABSOLUTE
    __Vectors                                0x00000000   Data           4  startup_tm4c129.o(RESET)
    __ARM_exceptions_init                     - Undefined Weak Reference
    __alloca_initialize                       - Undefined Weak Reference
    __arm_preinit_                            - Undefined Weak Reference
    __cpp_initialize__aeabi_                  - Undefined Weak Reference
    __cxa_finalize                            - Undefined Weak Reference
    __rt_locale                               - Undefined Weak Reference
    __sigvec_lookup                           - Undefined Weak Reference
    _atexit_init                              - Undefined Weak Reference
    _call_atexit_fns                          - Undefined Weak Reference
    _clock_init                               - Undefined Weak Reference
    _fp_trap_init                             - Undefined Weak Reference
    _fp_trap_shutdown                         - Undefined Weak Reference
    _get_lc_collate                           - Undefined Weak Reference
    _get_lc_ctype                             - Undefined Weak Reference
    _get_lc_monetary                          - Undefined Weak Reference
    _get_lc_numeric                           - Undefined Weak Reference
    _get_lc_time                              - Undefined Weak Reference
    _getenv_init                              - Undefined Weak Reference
    _handle_redirection                       - Undefined Weak Reference
    _init_alloc                               - Undefined Weak Reference
    _init_user_alloc                          - Undefined Weak Reference
    _initio                                   - Undefined Weak Reference
    _rand_init                                - Undefined Weak Reference
    _signal_finish                            - Undefined Weak Reference
    _signal_init                              - Undefined Weak Reference
    _terminate_alloc                          - Undefined Weak Reference
    _terminate_user_alloc                     - Undefined Weak Reference
    _terminateio                              - Undefined Weak Reference
    __Vectors_End                            0x00000200   Data           0  startup_tm4c129.o(RESET)
    __Vectors_Size                           0x00000200   Number         0  startup_tm4c129.o ABSOLUTE
    __main                                   0x00000201   Thumb Code     8  __main.o(!!!main)
    __scatterload                            0x00000209   Thumb Code     0  __scatter.o(!!!scatter)
    __scatterload_rt2                        0x00000209   Thumb Code    44  __scatter.o(!!!scatter)
    __scatterload_rt2_thumb_only             0x00000209   Thumb Code     0  __scatter.o(!!!scatter)
    __scatterload_null                       0x00000217   Thumb Code     0  __scatter.o(!!!scatter)
    __scatterload_copy                       0x0000023d   Thumb Code    26  __scatter_copy.o(!!handler_copy)
    __scatterload_zeroinit                   0x00000259   Thumb Code    28  __scatter_zi.o(!!handler_zi)
    __rt_lib_init                            0x00000275   Thumb Code     0  libinit.o(.ARM.Collect$$libinit$$00000000)
    __rt_lib_init_fp_1                       0x00000277   Thumb Code     0  libinit2.o(.ARM.Collect$$libinit$$00000001)
    __rt_lib_init_alloca_1                   0x0000027b   Thumb Code     0  libinit2.o(.ARM.Collect$$libinit$$0000002E)
    __rt_lib_init_argv_1                     0x0000027b   Thumb Code     0  libinit2.o(.ARM.Collect$$libinit$$0000002C)
    __rt_lib_init_atexit_1                   0x0000027b   Thumb Code     0  libinit2.o(.ARM.Collect$$libinit$$0000001B)
    __rt_lib_init_clock_1                    0x0000027b   Thumb Code     0  libinit2.o(.ARM.Collect$$libinit$$00000021)
    __rt_lib_init_cpp_1                      0x0000027b   Thumb Code     0  libinit2.o(.ARM.Collect$$libinit$$00000032)
    __rt_lib_init_exceptions_1               0x0000027b   Thumb Code     0  libinit2.o(.ARM.Collect$$libinit$$00000030)
    __rt_lib_init_fp_trap_1                  0x0000027b   Thumb Code     0  libinit2.o(.ARM.Collect$$libinit$$0000001F)
    __rt_lib_init_getenv_1                   0x0000027b   Thumb Code     0  libinit2.o(.ARM.Collect$$libinit$$00000023)
    __rt_lib_init_heap_1                     0x0000027b   Thumb Code     0  libinit2.o(.ARM.Collect$$libinit$$0000000A)
    __rt_lib_init_lc_collate_1               0x0000027b   Thumb Code     0  libinit2.o(.ARM.Collect$$libinit$$00000011)
    __rt_lib_init_lc_ctype_1                 0x0000027b   Thumb Code     0  libinit2.o(.ARM.Collect$$libinit$$00000013)
    __rt_lib_init_lc_monetary_1              0x0000027b   Thumb Code     0  libinit2.o(.ARM.Collect$$libinit$$00000015)
    __rt_lib_init_lc_numeric_1               0x0000027b   Thumb Code     0  libinit2.o(.ARM.Collect$$libinit$$00000017)
    __rt_lib_init_lc_time_1                  0x0000027b   Thumb Code     0  libinit2.o(.ARM.Collect$$libinit$$00000019)
    __rt_lib_init_preinit_1                  0x0000027b   Thumb Code     0  libinit2.o(.ARM.Collect$$libinit$$00000004)
    __rt_lib_init_rand_1                     0x0000027b   Thumb Code     0  libinit2.o(.ARM.Collect$$libinit$$0000000E)
    __rt_lib_init_return                     0x0000027b   Thumb Code     0  libinit2.o(.ARM.Collect$$libinit$$00000033)
    __rt_lib_init_signal_1                   0x0000027b   Thumb Code     0  libinit2.o(.ARM.Collect$$libinit$$0000001D)
    __rt_lib_init_stdio_1                    0x0000027b   Thumb Code     0  libinit2.o(.ARM.Collect$$libinit$$00000025)
    __rt_lib_init_user_alloc_1               0x0000027b   Thumb Code     0  libinit2.o(.ARM.Collect$$libinit$$0000000C)
    __rt_lib_shutdown                        0x0000027d   Thumb Code     0  libshutdown.o(.ARM.Collect$$libshutdown$$00000000)
    __rt_lib_shutdown_cpp_1                  0x0000027f   Thumb Code     0  libshutdown2.o(.ARM.Collect$$libshutdown$$00000002)
    __rt_lib_shutdown_fp_trap_1              0x0000027f   Thumb Code     0  libshutdown2.o(.ARM.Collect$$libshutdown$$00000007)
    __rt_lib_shutdown_heap_1                 0x0000027f   Thumb Code     0  libshutdown2.o(.ARM.Collect$$libshutdown$$0000000F)
    __rt_lib_shutdown_return                 0x0000027f   Thumb Code     0  libshutdown2.o(.ARM.Collect$$libshutdown$$00000010)
    __rt_lib_shutdown_signal_1               0x0000027f   Thumb Code     0  libshutdown2.o(.ARM.Collect$$libshutdown$$0000000A)
    __rt_lib_shutdown_stdio_1                0x0000027f   Thumb Code     0  libshutdown2.o(.ARM.Collect$$libshutdown$$00000004)
    __rt_lib_shutdown_user_alloc_1           0x0000027f   Thumb Code     0  libshutdown2.o(.ARM.Collect$$libshutdown$$0000000C)
    __rt_entry                               0x00000281   Thumb Code     0  __rtentry.o(.ARM.Collect$$rtentry$$00000000)
    __rt_entry_presh_1                       0x00000281   Thumb Code     0  __rtentry2.o(.ARM.Collect$$rtentry$$00000002)
    __rt_entry_sh                            0x00000281   Thumb Code     0  __rtentry4.o(.ARM.Collect$$rtentry$$00000004)
    __rt_entry_li                            0x00000287   Thumb Code     0  __rtentry2.o(.ARM.Collect$$rtentry$$0000000A)
    __rt_entry_postsh_1                      0x00000287   Thumb Code     0  __rtentry2.o(.ARM.Collect$$rtentry$$00000009)
    __rt_entry_main                          0x0000028b   Thumb Code     0  __rtentry2.o(.ARM.Collect$$rtentry$$0000000D)
    __rt_entry_postli_1                      0x0000028b   Thumb Code     0  __rtentry2.o(.ARM.Collect$$rtentry$$0000000C)
    __rt_exit                                0x00000293   Thumb Code     0  rtexit.o(.ARM.Collect$$rtexit$$00000000)
    __rt_exit_ls                             0x00000295   Thumb Code     0  rtexit2.o(.ARM.Collect$$rtexit$$00000003)
    __rt_exit_prels_1                        0x00000295   Thumb Code     0  rtexit2.o(.ARM.Collect$$rtexit$$00000002)
    __rt_exit_exit                           0x00000299   Thumb Code     0  rtexit2.o(.ARM.Collect$$rtexit$$00000004)
    Reset_Handler                            0x000002a1   Thumb Code     8  startup_tm4c129.o(.text)
    NMI_Handler                              0x000002a9   Thumb Code     2  startup_tm4c129.o(.text)
    HardFault_Handler                        0x000002ab   Thumb Code     2  startup_tm4c129.o(.text)
    MemManage_Handler                        0x000002ad   Thumb Code     2  startup_tm4c129.o(.text)
    BusFault_Handler                         0x000002af   Thumb Code     2  startup_tm4c129.o(.text)
    UsageFault_Handler                       0x000002b1   Thumb Code     2  startup_tm4c129.o(.text)
    SVC_Handler                              0x000002b3   Thumb Code     2  startup_tm4c129.o(.text)
    DebugMon_Handler                         0x000002b5   Thumb Code     2  startup_tm4c129.o(.text)
    PendSV_Handler                           0x000002b7   Thumb Code     2  startup_tm4c129.o(.text)
    GPIOA_Handler                            0x000002bb   Thumb Code     2  startup_tm4c129.o(.text)
    GPIOB_Handler                            0x000002bd   Thumb Code     2  startup_tm4c129.o(.text)
    GPIOC_Handler                            0x000002bf   Thumb Code     2  startup_tm4c129.o(.text)
    GPIOD_Handler                            0x000002c1   Thumb Code     2  startup_tm4c129.o(.text)
    GPIOE_Handler                            0x000002c3   Thumb Code     2  startup_tm4c129.o(.text)
    UART0_Handler                            0x000002c5   Thumb Code     2  startup_tm4c129.o(.text)
    UART1_Handler                            0x000002c7   Thumb Code     2  startup_tm4c129.o(.text)
    SSI0_Handler                             0x000002c9   Thumb Code     2  startup_tm4c129.o(.text)
    I2C0_Handler                             0x000002cb   Thumb Code     2  startup_tm4c129.o(.text)
    PMW0_FAULT_Handler                       0x000002cd   Thumb Code     2  startup_tm4c129.o(.text)
    PWM0_0_Handler                           0x000002cf   Thumb Code     2  startup_tm4c129.o(.text)
    PWM0_1_Handler                           0x000002d1   Thumb Code     2  startup_tm4c129.o(.text)
    PWM0_2_Handler                           0x000002d3   Thumb Code     2  startup_tm4c129.o(.text)
    QEI0_Handler                             0x000002d5   Thumb Code     2  startup_tm4c129.o(.text)
    ADC0SS0_Handler                          0x000002d7   Thumb Code     2  startup_tm4c129.o(.text)
    ADC0SS1_Handler                          0x000002d9   Thumb Code     2  startup_tm4c129.o(.text)
    ADC0SS2_Handler                          0x000002db   Thumb Code     2  startup_tm4c129.o(.text)
    ADC0SS3_Handler                          0x000002dd   Thumb Code     2  startup_tm4c129.o(.text)
    WDT0_Handler                             0x000002df   Thumb Code     2  startup_tm4c129.o(.text)
    TIMER0A_Handler                          0x000002e1   Thumb Code     2  startup_tm4c129.o(.text)
    TIMER0B_Handler                          0x000002e3   Thumb Code     2  startup_tm4c129.o(.text)
    TIMER1A_Handler                          0x000002e5   Thumb Code     2  startup_tm4c129.o(.text)
    TIMER1B_Handler                          0x000002e7   Thumb Code     2  startup_tm4c129.o(.text)
    TIMER2A_Handler                          0x000002e9   Thumb Code     2  startup_tm4c129.o(.text)
    TIMER2B_Handler                          0x000002eb   Thumb Code     2  startup_tm4c129.o(.text)
    COMP0_Handler                            0x000002ed   Thumb Code     2  startup_tm4c129.o(.text)
    COMP1_Handler                            0x000002ef   Thumb Code     2  startup_tm4c129.o(.text)
    COMP2_Handler                            0x000002f1   Thumb Code     2  startup_tm4c129.o(.text)
    SYSCTL_Handler                           0x000002f3   Thumb Code     2  startup_tm4c129.o(.text)
    FLASH_Handler                            0x000002f5   Thumb Code     2  startup_tm4c129.o(.text)
    GPIOF_Handler                            0x000002f7   Thumb Code     2  startup_tm4c129.o(.text)
    GPIOG_Handler                            0x000002f9   Thumb Code     2  startup_tm4c129.o(.text)
    GPIOH_Handler                            0x000002fb   Thumb Code     2  startup_tm4c129.o(.text)
    UART2_Handler                            0x000002fd   Thumb Code     2  startup_tm4c129.o(.text)
    SSI1_Handler                             0x000002ff   Thumb Code     2  startup_tm4c129.o(.text)
    TIMER3A_Handler                          0x00000301   Thumb Code     2  startup_tm4c129.o(.text)
    TIMER3B_Handler                          0x00000303   Thumb Code     2  startup_tm4c129.o(.text)
    I2C1_Handler                             0x00000305   Thumb Code     2  startup_tm4c129.o(.text)
    CAN0_Handler                             0x00000307   Thumb Code     2  startup_tm4c129.o(.text)
    CAN1_Handler                             0x00000309   Thumb Code     2  startup_tm4c129.o(.text)
    ETH_Handler                              0x0000030b   Thumb Code     2  startup_tm4c129.o(.text)
    HIB_Handler                              0x0000030d   Thumb Code     2  startup_tm4c129.o(.text)
    USB0_Handler                             0x0000030f   Thumb Code     2  startup_tm4c129.o(.text)
    PWM0_3_Handler                           0x00000311   Thumb Code     2  startup_tm4c129.o(.text)
    UDMA_Handler                             0x00000313   Thumb Code     2  startup_tm4c129.o(.text)
    UDMAERR_Handler                          0x00000315   Thumb Code     2  startup_tm4c129.o(.text)
    ADC1SS0_Handler                          0x00000317   Thumb Code     2  startup_tm4c129.o(.text)
    ADC1SS1_Handler                          0x00000319   Thumb Code     2  startup_tm4c129.o(.text)
    ADC1SS2_Handler                          0x0000031b   Thumb Code     2  startup_tm4c129.o(.text)
    ADC1SS3_Handler                          0x0000031d   Thumb Code     2  startup_tm4c129.o(.text)
    EBI0_Handler                             0x0000031f   Thumb Code     2  startup_tm4c129.o(.text)
    GPIOJ_Handler                            0x00000321   Thumb Code     2  startup_tm4c129.o(.text)
    GPIOK_Handler                            0x00000323   Thumb Code     2  startup_tm4c129.o(.text)
    GPIOL_Handler                            0x00000325   Thumb Code     2  startup_tm4c129.o(.text)
    SSI2_Handler                             0x00000327   Thumb Code     2  startup_tm4c129.o(.text)
    SSI3_Handler                             0x00000329   Thumb Code     2  startup_tm4c129.o(.text)
    UART3_Handler                            0x0000032b   Thumb Code     2  startup_tm4c129.o(.text)
    UART4_Handler                            0x0000032d   Thumb Code     2  startup_tm4c129.o(.text)
    UART5_Handler                            0x0000032f   Thumb Code     2  startup_tm4c129.o(.text)
    UART6_Handler                            0x00000331   Thumb Code     2  startup_tm4c129.o(.text)
    UART7_Handler                            0x00000333   Thumb Code     2  startup_tm4c129.o(.text)
    I2C2_Handler                             0x00000335   Thumb Code     2  startup_tm4c129.o(.text)
    I2C3_Handler                             0x00000337   Thumb Code     2  startup_tm4c129.o(.text)
    TIMER4A_Handler                          0x00000339   Thumb Code     2  startup_tm4c129.o(.text)
    TIMER4B_Handler                          0x0000033b   Thumb Code     2  startup_tm4c129.o(.text)
    TIMER5A_Handler                          0x0000033d   Thumb Code     2  startup_tm4c129.o(.text)
    TIMER5B_Handler                          0x0000033f   Thumb Code     2  startup_tm4c129.o(.text)
    WTIMER0A_Handler                         0x00000341   Thumb Code     2  startup_tm4c129.o(.text)
    WTIMER0B_Handler                         0x00000343   Thumb Code     2  startup_tm4c129.o(.text)
    WTIMER1A_Handler                         0x00000345   Thumb Code     2  startup_tm4c129.o(.text)
    WTIMER1B_Handler                         0x00000347   Thumb Code     2  startup_tm4c129.o(.text)
    WTIMER2A_Handler                         0x00000349   Thumb Code     2  startup_tm4c129.o(.text)
    WTIMER2B_Handler                         0x0000034b   Thumb Code     2  startup_tm4c129.o(.text)
    WTIMER3A_Handler                         0x0000034d   Thumb Code     2  startup_tm4c129.o(.text)
    WTIMER3B_Handler                         0x0000034f   Thumb Code     2  startup_tm4c129.o(.text)
    WTIMER4A_Handler                         0x00000351   Thumb Code     2  startup_tm4c129.o(.text)
    WTIMER4B_Handler                         0x00000353   Thumb Code     2  startup_tm4c129.o(.text)
    WTIMER5A_Handler                         0x00000355   Thumb Code     2  startup_tm4c129.o(.text)
    WTIMER5B_Handler                         0x00000357   Thumb Code     2  startup_tm4c129.o(.text)
    FPU_Handler                              0x00000359   Thumb Code     2  startup_tm4c129.o(.text)
    I2C4_Handler                             0x0000035b   Thumb Code     2  startup_tm4c129.o(.text)
    I2C5_Handler                             0x0000035d   Thumb Code     2  startup_tm4c129.o(.text)
    GPIOM_Handler                            0x0000035f   Thumb Code     2  startup_tm4c129.o(.text)
    GPION_Handler                            0x00000361   Thumb Code     2  startup_tm4c129.o(.text)
    TAMPER_Handler                           0x00000363   Thumb Code     2  startup_tm4c129.o(.text)
    GPIOP0_Handler                           0x00000365   Thumb Code     2  startup_tm4c129.o(.text)
    GPIOP1_Handler                           0x00000367   Thumb Code     2  startup_tm4c129.o(.text)
    GPIOP2_Handler                           0x00000369   Thumb Code     2  startup_tm4c129.o(.text)
    GPIOP3_Handler                           0x0000036b   Thumb Code     2  startup_tm4c129.o(.text)
    GPIOP4_Handler                           0x0000036d   Thumb Code     2  startup_tm4c129.o(.text)
    GPIOP5_Handler                           0x0000036f   Thumb Code     2  startup_tm4c129.o(.text)
    GPIOP6_Handler                           0x00000371   Thumb Code     2  startup_tm4c129.o(.text)
    GPIOP7_Handler                           0x00000373   Thumb Code     2  startup_tm4c129.o(.text)
    GPIOQ0_Handler                           0x00000375   Thumb Code     2  startup_tm4c129.o(.text)
    GPIOQ1_Handler                           0x00000377   Thumb Code     2  startup_tm4c129.o(.text)
    GPIOQ2_Handler                           0x00000379   Thumb Code     2  startup_tm4c129.o(.text)
    GPIOQ3_Handler                           0x0000037b   Thumb Code     2  startup_tm4c129.o(.text)
    GPIOQ4_Handler                           0x0000037d   Thumb Code     2  startup_tm4c129.o(.text)
    GPIOQ5_Handler                           0x0000037f   Thumb Code     2  startup_tm4c129.o(.text)
    GPIOQ6_Handler                           0x00000381   Thumb Code     2  startup_tm4c129.o(.text)
    GPIOQ7_Handler                           0x00000383   Thumb Code     2  startup_tm4c129.o(.text)
    GPIOR_Handler                            0x00000385   Thumb Code     2  startup_tm4c129.o(.text)
    GPIOS_Handler                            0x00000387   Thumb Code     2  startup_tm4c129.o(.text)
    SHAMD5_Handler                           0x00000389   Thumb Code     2  startup_tm4c129.o(.text)
    AES_Handler                              0x0000038b   Thumb Code     2  startup_tm4c129.o(.text)
    DES3DES_Handler                          0x0000038d   Thumb Code     2  startup_tm4c129.o(.text)
    LCDCONTROLLER_Handler                    0x0000038f   Thumb Code     2  startup_tm4c129.o(.text)
    TIMER6A_Handler                          0x00000391   Thumb Code     2  startup_tm4c129.o(.text)
    TIMER6B_Handler                          0x00000393   Thumb Code     2  startup_tm4c129.o(.text)
    TIMER7A_Handler                          0x00000395   Thumb Code     2  startup_tm4c129.o(.text)
    TIMER7B_Handler                          0x00000397   Thumb Code     2  startup_tm4c129.o(.text)
    I2C6_Handler                             0x00000399   Thumb Code     2  startup_tm4c129.o(.text)
    I2C7_Handler                             0x0000039b   Thumb Code     2  startup_tm4c129.o(.text)
    HIMSCANKEYBOARD_Handler                  0x0000039d   Thumb Code     2  startup_tm4c129.o(.text)
    ONEWIRE_Handler                          0x0000039f   Thumb Code     2  startup_tm4c129.o(.text)
    HIMPS2_Handler                           0x000003a1   Thumb Code     2  startup_tm4c129.o(.text)
    HIMLEDSEQUENCER_Handler                  0x000003a3   Thumb Code     2  startup_tm4c129.o(.text)
    HIMCONSUMERIR_Handler                    0x000003a5   Thumb Code     2  startup_tm4c129.o(.text)
    I2C8_Handler                             0x000003a7   Thumb Code     2  startup_tm4c129.o(.text)
    I2C9_Handler                             0x000003a9   Thumb Code     2  startup_tm4c129.o(.text)
    GPIOT_Handler                            0x000003ab   Thumb Code     2  startup_tm4c129.o(.text)
    __user_initial_stackheap                 0x000003ad   Thumb Code     0  startup_tm4c129.o(.text)
    __use_two_region_memory                  0x000003cd   Thumb Code     2  heapauxi.o(.text)
    __rt_heap_escrow$2region                 0x000003cf   Thumb Code     2  heapauxi.o(.text)
    __rt_heap_expand$2region                 0x000003d1   Thumb Code     2  heapauxi.o(.text)
    __user_setup_stackheap                   0x000003d3   Thumb Code    74  sys_stackheap_outer.o(.text)
    exit                                     0x0000041d   Thumb Code    18  exit.o(.text)
    __user_libspace                          0x00000431   Thumb Code     8  libspace.o(.text)
    __user_perproc_libspace                  0x00000431   Thumb Code     0  libspace.o(.text)
    __user_perthread_libspace                0x00000431   Thumb Code     0  libspace.o(.text)
    _sys_exit                                0x00000439   Thumb Code     8  sys_exit.o(.text)
    __I$use$semihosting                      0x00000445   Thumb Code     0  use_no_semi.o(.text)
    __use_no_semihosting_swi                 0x00000445   Thumb Code     2  use_no_semi.o(.text)
    Delay                                    0x00000447   Thumb Code    12  magwrist_readdata.o(i.Delay)
    __semihosting_library_function           0x00000447   Thumb Code     0  indicate_semi.o(.text)
    GPIODirModeSet                           0x00000453   Thumb Code    40  gpio.o(i.GPIODirModeSet)
    GPIOPadConfigSet                         0x0000047b   Thumb Code   312  gpio.o(i.GPIOPadConfigSet)
    GPIOPinConfigure                         0x000005b5   Thumb Code    60  gpio.o(i.GPIOPinConfigure)
    GPIOPinTypeGPIOOutput                    0x000005f9   Thumb Code    28  gpio.o(i.GPIOPinTypeGPIOOutput)
    GPIOPinTypeI2C                           0x00000615   Thumb Code    28  gpio.o(i.GPIOPinTypeI2C)
    GPIOPinTypeI2CSCL                        0x00000631   Thumb Code    28  gpio.o(i.GPIOPinTypeI2CSCL)
    GPIOPinTypeUART                          0x0000064d   Thumb Code    28  gpio.o(i.GPIOPinTypeUART)
    GPIOPinWrite                             0x00000669   Thumb Code     6  gpio.o(i.GPIOPinWrite)
    HMC5983_Config                           0x00000671   Thumb Code    42  magwrist_readdata.o(i.HMC5983_Config)
    HMC5983_Read                             0x000006a1   Thumb Code   198  magwrist_readdata.o(i.HMC5983_Read)
    I2CMasterBusBusy                         0x0000077d   Thumb Code    12  i2c.o(i.I2CMasterBusBusy)
    I2CMasterBusy                            0x00000789   Thumb Code    12  i2c.o(i.I2CMasterBusy)
    I2CMasterControl                         0x00000795   Thumb Code     4  i2c.o(i.I2CMasterControl)
    I2CMasterDataGet                         0x00000799   Thumb Code     4  i2c.o(i.I2CMasterDataGet)
    I2CMasterDataPut                         0x0000079d   Thumb Code     4  i2c.o(i.I2CMasterDataPut)
    I2CMasterErr                             0x000007a1   Thumb Code    24  i2c.o(i.I2CMasterErr)
    I2CMasterInitExpClk                      0x000007b9   Thumb Code    72  i2c.o(i.I2CMasterInitExpClk)
    I2CMasterSlaveAddrSet                    0x0000080d   Thumb Code     8  i2c.o(i.I2CMasterSlaveAddrSet)
    I2C_ReadByte                             0x00000815   Thumb Code   200  magwrist_readdata.o(i.I2C_ReadByte)
    I2C_WriteByte                            0x00000905   Thumb Code   218  magwrist_readdata.o(i.I2C_WriteByte)
    MPU9250_Config                           0x00000a09   Thumb Code    66  magwrist_readdata.o(i.MPU9250_Config)
    MPU9250_Read                             0x00000a4d   Thumb Code    78  magwrist_readdata.o(i.MPU9250_Read)
    Read_Accel                               0x00000ab9   Thumb Code   206  magwrist_readdata.o(i.Read_Accel)
    Read_Gyro                                0x00000b99   Thumb Code   266  magwrist_readdata.o(i.Read_Gyro)
    S800_I2C_Init                            0x00000cbd   Thumb Code  1406  magwrist_readdata.o(i.S800_I2C_Init)
    S800_UART_Init                           0x00001275   Thumb Code    68  magwrist_readdata.o(i.S800_UART_Init)
    SysCtlClockFreqSet                       0x000012ed   Thumb Code   706  sysctl.o(i.SysCtlClockFreqSet)
    SysCtlPeripheralEnable                   0x000015d9   Thumb Code    36  sysctl.o(i.SysCtlPeripheralEnable)
    SysCtlPeripheralReady                    0x00001601   Thumb Code    40  sysctl.o(i.SysCtlPeripheralReady)
    SysTickEnable                            0x0000162d   Thumb Code    14  systick.o(i.SysTickEnable)
    SysTickIntEnable                         0x0000163b   Thumb Code    14  systick.o(i.SysTickIntEnable)
    SysTickPeriodSet                         0x00001649   Thumb Code    10  systick.o(i.SysTickPeriodSet)
    SysTick_Handler                          0x00001655   Thumb Code    62  magwrist_readdata.o(i.SysTick_Handler)
    SystemInit                               0x000016a5   Thumb Code    20  system_tm4c129.o(i.SystemInit)
    UARTCharPut                              0x000016c5   Thumb Code    12  uart.o(i.UARTCharPut)
    UARTConfigSetExpClk                      0x000016d1   Thumb Code   110  uart.o(i.UARTConfigSetExpClk)
    UARTStringPut                            0x00001741   Thumb Code    24  magwrist_readdata.o(i.UARTStringPut)
    dataConv                                 0x0000175d   Thumb Code   188  magwrist_readdata.o(i.dataConv)
    main                                     0x0000181d   Thumb Code   298  magwrist_readdata.o(i.main)
    __aeabi_ddiv                             0x00001969   Thumb Code     0  ddiv.o(x$fpl$ddiv)
    _ddiv                                    0x00001969   Thumb Code   552  ddiv.o(x$fpl$ddiv)
    __aeabi_d2iz                             0x00001c19   Thumb Code     0  dfix.o(x$fpl$dfix)
    _dfix                                    0x00001c19   Thumb Code    94  dfix.o(x$fpl$dfix)
    __aeabi_i2d                              0x00001c77   Thumb Code     0  dflt_clz.o(x$fpl$dflt)
    _dflt                                    0x00001c77   Thumb Code    46  dflt_clz.o(x$fpl$dflt)
    __fpl_dnaninf                            0x00001ca5   Thumb Code   156  dnaninf.o(x$fpl$dnaninf)
    __fpl_dretinf                            0x00001d41   Thumb Code    12  dretinf.o(x$fpl$dretinf)
    _fp_init                                 0x00001d4d   Thumb Code    10  fpinit.o(x$fpl$fpinit)
    __fplib_config_fpu_vfp                   0x00001d55   Thumb Code     0  fpinit.o(x$fpl$fpinit)
    __fplib_config_pureend_doubles           0x00001d55   Thumb Code     0  fpinit.o(x$fpl$fpinit)
    __I$use$fp                               0x00001d56   Number         0  usenofp.o(x$fpl$usenofp)
    Region$$Table$$Base                      0x000021d4   Number         0  anon$$obj.o(Region$$Table)
    Region$$Table$$Limit                     0x000021f4   Number         0  anon$$obj.o(Region$$Table)
    result                                   0x20000000   Data           1  magwrist_readdata.o(.data)
    ui32SysClock                             0x20000004   Data           4  magwrist_readdata.o(.data)
    seg7                                     0x20000008   Data          17  magwrist_readdata.o(.data)
    G_X                                      0x2000001a   Data           2  magwrist_readdata.o(.data)
    G_Y                                      0x2000001c   Data           2  magwrist_readdata.o(.data)
    G_Z                                      0x2000001e   Data           2  magwrist_readdata.o(.data)
    A_X                                      0x20000020   Data           2  magwrist_readdata.o(.data)
    A_Y                                      0x20000022   Data           2  magwrist_readdata.o(.data)
    A_Z                                      0x20000024   Data           2  magwrist_readdata.o(.data)
    M_X                                      0x20000026   Data           2  magwrist_readdata.o(.data)
    M_Y                                      0x20000028   Data           2  magwrist_readdata.o(.data)
    M_Z                                      0x2000002a   Data           2  magwrist_readdata.o(.data)
    cnt                                      0x2000002c   Data           4  magwrist_readdata.o(.data)
    led                                      0x20000030   Data           1  magwrist_readdata.o(.data)
    I2C_Enable_Mask                          0x20000032   Data           2  magwrist_readdata.o(.data)
    mycnt                                    0x20000034   Data           4  magwrist_readdata.o(.data)
    systick_10ms_couter                      0x20000038   Data           2  magwrist_readdata.o(.data)
    systick_myfreq_couter                    0x2000003a   Data           2  magwrist_readdata.o(.data)
    systick_10ms_status                      0x2000003c   Data           1  magwrist_readdata.o(.data)
    systick_myfreq_status                    0x2000003d   Data           1  magwrist_readdata.o(.data)
    led_status                               0x20000040   Data           4  magwrist_readdata.o(.data)
    SystemCoreClock                          0x20000044   Data           4  system_tm4c129.o(.data)
    numTrans                                 0x20000048   Data          66  magwrist_readdata.o(.bss)
    buf                                      0x2000008a   Data          10  magwrist_readdata.o(.bss)
    agm                                      0x20000094   Data          18  magwrist_readdata.o(.bss)
    __libspace_start                         0x200000a8   Data          96  libspace.o(.bss)
    __temporary_stack_top$libspace           0x20000108   Data           0  libspace.o(.bss)



==============================================================================

Memory Map of the image

  Image Entry point : 0x00000201

  Load Region LR_IROM1 (Base: 0x00000000, Size: 0x0000223c, Max: 0x00100000, ABSOLUTE)

    Execution Region ER_IROM1 (Base: 0x00000000, Size: 0x000021f4, Max: 0x00100000, ABSOLUTE)

    Base Addr    Size         Type   Attr      Idx    E Section Name        Object

    0x00000000   0x00000200   Data   RO          207    RESET               startup_tm4c129.o
    0x00000200   0x00000008   Code   RO         1769  * !!!main             c_w.l(__main.o)
    0x00000208   0x00000034   Code   RO         1945    !!!scatter          c_w.l(__scatter.o)
    0x0000023c   0x0000001a   Code   RO         1947    !!handler_copy      c_w.l(__scatter_copy.o)
    0x00000256   0x00000002   PAD
    0x00000258   0x0000001c   Code   RO         1949    !!handler_zi        c_w.l(__scatter_zi.o)
    0x00000274   0x00000002   Code   RO         1815    .ARM.Collect$$libinit$$00000000  c_w.l(libinit.o)
    0x00000276   0x00000004   Code   RO         1821    .ARM.Collect$$libinit$$00000001  c_w.l(libinit2.o)
    0x0000027a   0x00000000   Code   RO         1824    .ARM.Collect$$libinit$$00000004  c_w.l(libinit2.o)
    0x0000027a   0x00000000   Code   RO         1827    .ARM.Collect$$libinit$$0000000A  c_w.l(libinit2.o)
    0x0000027a   0x00000000   Code   RO         1829    .ARM.Collect$$libinit$$0000000C  c_w.l(libinit2.o)
    0x0000027a   0x00000000   Code   RO         1831    .ARM.Collect$$libinit$$0000000E  c_w.l(libinit2.o)
    0x0000027a   0x00000000   Code   RO         1834    .ARM.Collect$$libinit$$00000011  c_w.l(libinit2.o)
    0x0000027a   0x00000000   Code   RO         1836    .ARM.Collect$$libinit$$00000013  c_w.l(libinit2.o)
    0x0000027a   0x00000000   Code   RO         1838    .ARM.Collect$$libinit$$00000015  c_w.l(libinit2.o)
    0x0000027a   0x00000000   Code   RO         1840    .ARM.Collect$$libinit$$00000017  c_w.l(libinit2.o)
    0x0000027a   0x00000000   Code   RO         1842    .ARM.Collect$$libinit$$00000019  c_w.l(libinit2.o)
    0x0000027a   0x00000000   Code   RO         1844    .ARM.Collect$$libinit$$0000001B  c_w.l(libinit2.o)
    0x0000027a   0x00000000   Code   RO         1846    .ARM.Collect$$libinit$$0000001D  c_w.l(libinit2.o)
    0x0000027a   0x00000000   Code   RO         1848    .ARM.Collect$$libinit$$0000001F  c_w.l(libinit2.o)
    0x0000027a   0x00000000   Code   RO         1850    .ARM.Collect$$libinit$$00000021  c_w.l(libinit2.o)
    0x0000027a   0x00000000   Code   RO         1852    .ARM.Collect$$libinit$$00000023  c_w.l(libinit2.o)
    0x0000027a   0x00000000   Code   RO         1854    .ARM.Collect$$libinit$$00000025  c_w.l(libinit2.o)
    0x0000027a   0x00000000   Code   RO         1858    .ARM.Collect$$libinit$$0000002C  c_w.l(libinit2.o)
    0x0000027a   0x00000000   Code   RO         1860    .ARM.Collect$$libinit$$0000002E  c_w.l(libinit2.o)
    0x0000027a   0x00000000   Code   RO         1862    .ARM.Collect$$libinit$$00000030  c_w.l(libinit2.o)
    0x0000027a   0x00000000   Code   RO         1864    .ARM.Collect$$libinit$$00000032  c_w.l(libinit2.o)
    0x0000027a   0x00000002   Code   RO         1865    .ARM.Collect$$libinit$$00000033  c_w.l(libinit2.o)
    0x0000027c   0x00000002   Code   RO         1885    .ARM.Collect$$libshutdown$$00000000  c_w.l(libshutdown.o)
    0x0000027e   0x00000000   Code   RO         1898    .ARM.Collect$$libshutdown$$00000002  c_w.l(libshutdown2.o)
    0x0000027e   0x00000000   Code   RO         1900    .ARM.Collect$$libshutdown$$00000004  c_w.l(libshutdown2.o)
    0x0000027e   0x00000000   Code   RO         1903    .ARM.Collect$$libshutdown$$00000007  c_w.l(libshutdown2.o)
    0x0000027e   0x00000000   Code   RO         1906    .ARM.Collect$$libshutdown$$0000000A  c_w.l(libshutdown2.o)
    0x0000027e   0x00000000   Code   RO         1908    .ARM.Collect$$libshutdown$$0000000C  c_w.l(libshutdown2.o)
    0x0000027e   0x00000000   Code   RO         1911    .ARM.Collect$$libshutdown$$0000000F  c_w.l(libshutdown2.o)
    0x0000027e   0x00000002   Code   RO         1912    .ARM.Collect$$libshutdown$$00000010  c_w.l(libshutdown2.o)
    0x00000280   0x00000000   Code   RO         1785    .ARM.Collect$$rtentry$$00000000  c_w.l(__rtentry.o)
    0x00000280   0x00000000   Code   RO         1792    .ARM.Collect$$rtentry$$00000002  c_w.l(__rtentry2.o)
    0x00000280   0x00000006   Code   RO         1804    .ARM.Collect$$rtentry$$00000004  c_w.l(__rtentry4.o)
    0x00000286   0x00000000   Code   RO         1794    .ARM.Collect$$rtentry$$00000009  c_w.l(__rtentry2.o)
    0x00000286   0x00000004   Code   RO         1795    .ARM.Collect$$rtentry$$0000000A  c_w.l(__rtentry2.o)
    0x0000028a   0x00000000   Code   RO         1797    .ARM.Collect$$rtentry$$0000000C  c_w.l(__rtentry2.o)
    0x0000028a   0x00000008   Code   RO         1798    .ARM.Collect$$rtentry$$0000000D  c_w.l(__rtentry2.o)
    0x00000292   0x00000002   Code   RO         1819    .ARM.Collect$$rtexit$$00000000  c_w.l(rtexit.o)
    0x00000294   0x00000000   Code   RO         1867    .ARM.Collect$$rtexit$$00000002  c_w.l(rtexit2.o)
    0x00000294   0x00000004   Code   RO         1868    .ARM.Collect$$rtexit$$00000003  c_w.l(rtexit2.o)
    0x00000298   0x00000006   Code   RO         1869    .ARM.Collect$$rtexit$$00000004  c_w.l(rtexit2.o)
    0x0000029e   0x00000002   PAD
    0x000002a0   0x0000012c   Code   RO          208    .text               startup_tm4c129.o
    0x000003cc   0x00000006   Code   RO         1767    .text               c_w.l(heapauxi.o)
    0x000003d2   0x0000004a   Code   RO         1806    .text               c_w.l(sys_stackheap_outer.o)
    0x0000041c   0x00000012   Code   RO         1808    .text               c_w.l(exit.o)
    0x0000042e   0x00000002   PAD
    0x00000430   0x00000008   Code   RO         1816    .text               c_w.l(libspace.o)
    0x00000438   0x0000000c   Code   RO         1877    .text               c_w.l(sys_exit.o)
    0x00000444   0x00000002   Code   RO         1888    .text               c_w.l(use_no_semi.o)
    0x00000446   0x00000000   Code   RO         1890    .text               c_w.l(indicate_semi.o)
    0x00000446   0x0000000c   Code   RO            1    i.Delay             magwrist_readdata.o
    0x00000452   0x00000028   Code   RO          270    i.GPIODirModeSet    driverlib.lib(gpio.o)
    0x0000047a   0x00000138   Code   RO          282    i.GPIOPadConfigSet  driverlib.lib(gpio.o)
    0x000005b2   0x00000002   PAD
    0x000005b4   0x00000044   Code   RO          283    i.GPIOPinConfigure  driverlib.lib(gpio.o)
    0x000005f8   0x0000001c   Code   RO          294    i.GPIOPinTypeGPIOOutput  driverlib.lib(gpio.o)
    0x00000614   0x0000001c   Code   RO          297    i.GPIOPinTypeI2C    driverlib.lib(gpio.o)
    0x00000630   0x0000001c   Code   RO          298    i.GPIOPinTypeI2CSCL  driverlib.lib(gpio.o)
    0x0000064c   0x0000001c   Code   RO          306    i.GPIOPinTypeUART   driverlib.lib(gpio.o)
    0x00000668   0x00000006   Code   RO          312    i.GPIOPinWrite      driverlib.lib(gpio.o)
    0x0000066e   0x00000002   PAD
    0x00000670   0x00000030   Code   RO            2    i.HMC5983_Config    magwrist_readdata.o
    0x000006a0   0x000000dc   Code   RO            3    i.HMC5983_Read      magwrist_readdata.o
    0x0000077c   0x0000000c   Code   RO          606    i.I2CMasterBusBusy  driverlib.lib(i2c.o)
    0x00000788   0x0000000c   Code   RO          607    i.I2CMasterBusy     driverlib.lib(i2c.o)
    0x00000794   0x00000004   Code   RO          608    i.I2CMasterControl  driverlib.lib(i2c.o)
    0x00000798   0x00000004   Code   RO          609    i.I2CMasterDataGet  driverlib.lib(i2c.o)
    0x0000079c   0x00000004   Code   RO          610    i.I2CMasterDataPut  driverlib.lib(i2c.o)
    0x000007a0   0x00000018   Code   RO          613    i.I2CMasterErr      driverlib.lib(i2c.o)
    0x000007b8   0x00000054   Code   RO          615    i.I2CMasterInitExpClk  driverlib.lib(i2c.o)
    0x0000080c   0x00000008   Code   RO          625    i.I2CMasterSlaveAddrSet  driverlib.lib(i2c.o)
    0x00000814   0x000000f0   Code   RO            6    i.I2C_ReadByte      magwrist_readdata.o
    0x00000904   0x00000104   Code   RO            8    i.I2C_WriteByte     magwrist_readdata.o
    0x00000a08   0x00000042   Code   RO            9    i.MPU9250_Config    magwrist_readdata.o
    0x00000a4a   0x00000002   PAD
    0x00000a4c   0x0000006c   Code   RO           10    i.MPU9250_Read      magwrist_readdata.o
    0x00000ab8   0x000000e0   Code   RO           12    i.Read_Accel        magwrist_readdata.o
    0x00000b98   0x00000124   Code   RO           13    i.Read_Gyro         magwrist_readdata.o
    0x00000cbc   0x000005b8   Code   RO           17    i.S800_I2C_Init     magwrist_readdata.o
    0x00001274   0x00000078   Code   RO           18    i.S800_UART_Init    magwrist_readdata.o
    0x000012ec   0x000002ec   Code   RO          935    i.SysCtlClockFreqSet  driverlib.lib(sysctl.o)
    0x000015d8   0x00000028   Code   RO          967    i.SysCtlPeripheralEnable  driverlib.lib(sysctl.o)
    0x00001600   0x0000002c   Code   RO          971    i.SysCtlPeripheralReady  driverlib.lib(sysctl.o)
    0x0000162c   0x0000000e   Code   RO         1288    i.SysTickEnable     driverlib.lib(systick.o)
    0x0000163a   0x0000000e   Code   RO         1290    i.SysTickIntEnable  driverlib.lib(systick.o)
    0x00001648   0x0000000a   Code   RO         1294    i.SysTickPeriodSet  driverlib.lib(systick.o)
    0x00001652   0x00000002   PAD
    0x00001654   0x00000050   Code   RO           19    i.SysTick_Handler   magwrist_readdata.o
    0x000016a4   0x00000020   Code   RO          217    i.SystemInit        system_tm4c129.o
    0x000016c4   0x0000000c   Code   RO         1358    i.UARTCharPut       driverlib.lib(uart.o)
    0x000016d0   0x0000006e   Code   RO         1364    i.UARTConfigSetExpClk  driverlib.lib(uart.o)
    0x0000173e   0x00000002   PAD
    0x00001740   0x0000001c   Code   RO           21    i.UARTStringPut     magwrist_readdata.o
    0x0000175c   0x000000c0   Code   RO           22    i.dataConv          magwrist_readdata.o
    0x0000181c   0x0000014c   Code   RO           24    i.main              magwrist_readdata.o
    0x00001968   0x000002b0   Code   RO         1772    x$fpl$ddiv          fz_wm.l(ddiv.o)
    0x00001c18   0x0000005e   Code   RO         1775    x$fpl$dfix          fz_wm.l(dfix.o)
    0x00001c76   0x0000002e   Code   RO         1780    x$fpl$dflt          fz_wm.l(dflt_clz.o)
    0x00001ca4   0x0000009c   Code   RO         1786    x$fpl$dnaninf       fz_wm.l(dnaninf.o)
    0x00001d40   0x0000000c   Code   RO         1788    x$fpl$dretinf       fz_wm.l(dretinf.o)
    0x00001d4c   0x0000000a   Code   RO         1875    x$fpl$fpinit        fz_wm.l(fpinit.o)
    0x00001d56   0x00000000   Code   RO         1790    x$fpl$usenofp       fz_wm.l(usenofp.o)
    0x00001d56   0x00000002   PAD
    0x00001d58   0x00000228   Data   RO          314    .constdata          driverlib.lib(gpio.o)
    0x00001f80   0x00000254   Data   RO          989    .constdata          driverlib.lib(sysctl.o)
    0x000021d4   0x00000020   Data   RO         1943    Region$$Table       anon$$obj.o


    Execution Region RW_IRAM1 (Base: 0x20000000, Size: 0x00000308, Max: 0x00040000, ABSOLUTE)

    Base Addr    Size         Type   Attr      Idx    E Section Name        Object

    0x20000000   0x00000044   Data   RW           26    .data               magwrist_readdata.o
    0x20000044   0x00000004   Data   RW          218    .data               system_tm4c129.o
    0x20000048   0x0000005e   Zero   RW           25    .bss                magwrist_readdata.o
    0x200000a6   0x00000002   PAD
    0x200000a8   0x00000060   Zero   RW         1817    .bss                c_w.l(libspace.o)
    0x20000108   0x00000000   Zero   RW          206    HEAP                startup_tm4c129.o
    0x20000108   0x00000200   Zero   RW          205    STACK               startup_tm4c129.o


==============================================================================

Image component sizes


      Code (inc. data)   RO Data    RW Data    ZI Data      Debug   Object Name

      3686        492          0         68         94      17490   magwrist_readdata.o
       300         22        512          0        512       6052   startup_tm4c129.o
        32         12          0          4          0        743   system_tm4c129.o

    ----------------------------------------------------------------------
      4020        526        544         72        608      24285   Object Totals
         0          0         32          0          0          0   (incl. Generated)
         2          0          0          0          2          0   (incl. Padding)

    ----------------------------------------------------------------------

      Code (inc. data)   RO Data    RW Data    ZI Data      Debug   Library Member Name

         8          0          0          0          0         68   __main.o
         0          0          0          0          0          0   __rtentry.o
        12          0          0          0          0          0   __rtentry2.o
         6          0          0          0          0          0   __rtentry4.o
        52          8          0          0          0          0   __scatter.o
        26          0          0          0          0          0   __scatter_copy.o
        28          0          0          0          0          0   __scatter_zi.o
        18          0          0          0          0         80   exit.o
         6          0          0          0          0        152   heapauxi.o
         0          0          0          0          0          0   indicate_semi.o
         2          0          0          0          0          0   libinit.o
         6          0          0          0          0          0   libinit2.o
         2          0          0          0          0          0   libshutdown.o
         2          0          0          0          0          0   libshutdown2.o
         8          4          0          0         96         68   libspace.o
         2          0          0          0          0          0   rtexit.o
        10          0          0          0          0          0   rtexit2.o
        12          4          0          0          0         68   sys_exit.o
        74          0          0          0          0         80   sys_stackheap_outer.o
         2          0          0          0          0         68   use_no_semi.o
       538          8        552          0          0       9257   gpio.o
       152         12          0          0          0       5294   i2c.o
       832         50        596          0          0       5390   sysctl.o
        38          0          0          0          0       1394   systick.o
       122          0          0          0          0       2193   uart.o
       688        140          0          0          0        256   ddiv.o
        94          4          0          0          0        140   dfix.o
        46          0          0          0          0        116   dflt_clz.o
       156          4          0          0          0        140   dnaninf.o
        12          0          0          0          0        116   dretinf.o
        10          0          0          0          0        116   fpinit.o
         0          0          0          0          0          0   usenofp.o

    ----------------------------------------------------------------------
      2980        234       1148          0         96      24996   Library Totals
        16          0          0          0          0          0   (incl. Padding)

    ----------------------------------------------------------------------

      Code (inc. data)   RO Data    RW Data    ZI Data      Debug   Library Name

       276         16          0          0         96        584   c_w.l
      1682         70       1148          0          0      23528   driverlib.lib
      1006        148          0          0          0        884   fz_wm.l

    ----------------------------------------------------------------------
      2980        234       1148          0         96      24996   Library Totals

    ----------------------------------------------------------------------

==============================================================================


      Code (inc. data)   RO Data    RW Data    ZI Data      Debug   

      7000        760       1692         72        704      45425   Grand Totals
      7000        760       1692         72        704      45425   ELF Image Totals
      7000        760       1692         72          0          0   ROM Totals

==============================================================================

    Total RO  Size (Code + RO Data)                 8692 (   8.49kB)
    Total RW  Size (RW Data + ZI Data)               776 (   0.76kB)
    Total ROM Size (Code + RO Data + RW Data)       8764 (   8.56kB)

==============================================================================

